2026-09-09 18:38:21.736: [INFO] CurrentProfilePath: C:\Users\Henrique\Desktop\Portal Paciente\.metadata\.plugins\org.eclipse.swt\EBWebView\Default
2026-09-09 18:38:21.736: [INFO] Profiles total count: 1
2026-09-09 18:38:21.737: [INFO] Profile: name=Perfil 1 path=C:\Users\Henrique\Desktop\Portal Paciente\.metadata\.plugins\org.eclipse.swt\EBWebView\Default lastActive=2026-09-09T18:38:06.910Z
2026-09-09 18:38:21.737: [INFO] LastUsedProfileDir: C:\Users\Henrique\Desktop\Portal Paciente\.metadata\.plugins\org.eclipse.swt\EBWebView\Default
2026-09-09 18:38:21.737: [INFO] MostRecentlyActiveProfile: name=Perfil 1 path=C:\Users\Henrique\Desktop\Portal Paciente\.metadata\.plugins\org.eclipse.swt\EBWebView\Default lastActive=2026-09-09T18:38:06.910Z
2026-09-09 18:38:21.737: [INFO] OnDoneLoading sync enabled: 0
2026-09-09 18:38:21.737: [INFO] BookmarkModelLoaded, ids_reassigned: 0
2026-09-09 18:38:21.737: [INFO] BookmarksLoadDropped droppedNodes=0
2026-09-09 18:38:21.737: [INFO] BookmarksSnapshot Startup total=0 bar=0 other=0 mobile=0 showBar=0 showBarNTP=1
2026-09-09 18:40:04.876: [INFO] BookmarksSnapshot Shutdown total=0 bar=0 other=0 mobile=0 showBar=0 showBarNTP=1
2026-09-09 18:44:07.532: [INFO] CurrentProfilePath: C:\Users\Henrique\Desktop\Portal Paciente\.metadata\.plugins\org.eclipse.swt\EBWebView\Default
2026-09-09 18:44:07.532: [INFO] Profiles total count: 1
2026-09-09 18:44:07.532: [INFO] Profile: name=Perfil 1 path=C:\Users\Henrique\Desktop\Portal Paciente\.metadata\.plugins\org.eclipse.swt\EBWebView\Default lastActive=2026-09-09T18:40:00.508Z
2026-09-09 18:44:07.532: [INFO] LastUsedProfileDir: C:\Users\Henrique\Desktop\Portal Paciente\.metadata\.plugins\org.eclipse.swt\EBWebView\Default
2026-09-09 18:44:07.532: [INFO] MostRecentlyActiveProfile: name=Perfil 1 path=C:\Users\Henrique\Desktop\Portal Paciente\.metadata\.plugins\org.eclipse.swt\EBWebView\Default lastActive=2026-09-09T18:40:00.508Z
2026-09-09 18:44:07.532: [INFO] OnDoneLoading sync enabled: 0
2026-09-09 18:44:07.532: [INFO] BookmarkModelLoaded, ids_reassigned: 0
2026-09-09 18:44:07.532: [INFO] BookmarksLoadDropped droppedNodes=0
2026-09-09 18:44:07.532: [INFO] BookmarksSnapshot Startup total=0 bar=0 other=0 mobile=0 showBar=0 showBarNTP=1
2026-09-09 18:44:19.379: [INFO] BookmarksSnapshot Shutdown total=0 bar=0 other=0 mobile=0 showBar=0 showBarNTP=1
2026-09-09 18:49:55.553: [INFO] CurrentProfilePath: C:\Users\Henrique\Desktop\Portal Paciente\.metadata\.plugins\org.eclipse.swt\EBWebView\Default
2026-09-09 18:49:55.553: [INFO] Profiles total count: 1
2026-09-09 18:49:55.553: [INFO] Profile: name=Perfil 1 path=C:\Users\Henrique\Desktop\Portal Paciente\.metadata\.plugins\org.eclipse.swt\EBWebView\Default lastActive=2026-09-09T18:40:00.508Z
2026-09-09 18:49:55.553: [INFO] LastUsedProfileDir: C:\Users\Henrique\Desktop\Portal Paciente\.metadata\.plugins\org.eclipse.swt\EBWebView\Default
2026-09-09 18:49:55.553: [INFO] MostRecentlyActiveProfile: name=Perfil 1 path=C:\Users\Henrique\Desktop\Portal Paciente\.metadata\.plugins\org.eclipse.swt\EBWebView\Default lastActive=2026-09-09T18:40:00.508Z
2026-09-09 18:49:55.553: [INFO] OnDoneLoading sync enabled: 0
2026-09-09 18:49:55.553: [INFO] BookmarkModelLoaded, ids_reassigned: 0
2026-09-09 18:49:55.553: [INFO] BookmarksLoadDropped droppedNodes=0
2026-09-09 18:49:55.553: [INFO] BookmarksSnapshot Startup total=0 bar=0 other=0 mobile=0 showBar=0 showBarNTP=1
2026-09-09 18:50:12.802: [INFO] BookmarksSnapshot Shutdown total=0 bar=0 other=0 mobile=0 showBar=0 showBarNTP=1
2026-09-09 18:50:13.035: [INFO] CurrentProfilePath: C:\Users\Henrique\Desktop\Portal Paciente\.metadata\.plugins\org.eclipse.swt\EBWebView\Default
2026-09-09 18:50:13.035: [INFO] Profiles total count: 1
2026-09-09 18:50:13.035: [INFO] Profile: name=Perfil 1 path=C:\Users\Henrique\Desktop\Portal Paciente\.metadata\.plugins\org.eclipse.swt\EBWebView\Default lastActive=2026-09-09T18:40:00.508Z
2026-09-09 18:50:13.035: [INFO] LastUsedProfileDir: C:\Users\Henrique\Desktop\Portal Paciente\.metadata\.plugins\org.eclipse.swt\EBWebView\Default
2026-09-09 18:50:13.035: [INFO] MostRecentlyActiveProfile: name=Perfil 1 path=C:\Users\Henrique\Desktop\Portal Paciente\.metadata\.plugins\org.eclipse.swt\EBWebView\Default lastActive=2026-09-09T18:40:00.508Z
2026-09-09 18:50:13.035: [INFO] OnDoneLoading sync enabled: 0
2026-09-09 18:50:13.035: [INFO] BookmarkModelLoaded, ids_reassigned: 0
2026-09-09 18:50:13.035: [INFO] BookmarksLoadDropped droppedNodes=0
2026-09-09 18:50:13.035: [INFO] BookmarksSnapshot Startup total=0 bar=0 other=0 mobile=0 showBar=0 showBarNTP=1
2026-09-09 18:50:20.497: [INFO] BookmarksSnapshot Shutdown total=0 bar=0 other=0 mobile=0 showBar=0 showBarNTP=1
2026-09-09 19:00:59.155: [INFO] CurrentProfilePath: C:\Users\Henrique\Desktop\Portal Paciente\.metadata\.plugins\org.eclipse.swt\EBWebView\Default
2026-09-09 19:00:59.155: [INFO] Profiles total count: 1
2026-09-09 19:00:59.155: [INFO] Profile: name=Perfil 1 path=C:\Users\Henrique\Desktop\Portal Paciente\.metadata\.plugins\org.eclipse.swt\EBWebView\Default lastActive=2026-09-09T18:40:00.508Z
2026-09-09 19:00:59.155: [INFO] LastUsedProfileDir: C:\Users\Henrique\Desktop\Portal Paciente\.metadata\.plugins\org.eclipse.swt\EBWebView\Default
2026-09-09 19:00:59.155: [INFO] MostRecentlyActiveProfile: name=Perfil 1 path=C:\Users\Henrique\Desktop\Portal Paciente\.metadata\.plugins\org.eclipse.swt\EBWebView\Default lastActive=2026-09-09T18:40:00.508Z
2026-09-09 19:00:59.155: [INFO] OnDoneLoading sync enabled: 0
2026-09-09 19:00:59.155: [INFO] BookmarkModelLoaded, ids_reassigned: 0
2026-09-09 19:00:59.155: [INFO] BookmarksLoadDropped droppedNodes=0
2026-09-09 19:00:59.155: [INFO] BookmarksSnapshot Startup total=0 bar=0 other=0 mobile=0 showBar=0 showBarNTP=1
2026-09-09 19:01:12.409: [INFO] BookmarksSnapshot Shutdown total=0 bar=0 other=0 mobile=0 showBar=0 showBarNTP=1
2026-09-09 19:03:13.846: [INFO] CurrentProfilePath: C:\Users\Henrique\Desktop\Portal Paciente\.metadata\.plugins\org.eclipse.swt\EBWebView\Default
2026-09-09 19:03:13.846: [INFO] Profiles total count: 1
2026-09-09 19:03:13.846: [INFO] Profile: name=Perfil 1 path=C:\Users\Henrique\Desktop\Portal Paciente\.metadata\.plugins\org.eclipse.swt\EBWebView\Default lastActive=2026-09-09T18:40:00.508Z
2026-09-09 19:03:13.846: [INFO] LastUsedProfileDir: C:\Users\Henrique\Desktop\Portal Paciente\.metadata\.plugins\org.eclipse.swt\EBWebView\Default
2026-09-09 19:03:13.846: [INFO] MostRecentlyActiveProfile: name=Perfil 1 path=C:\Users\Henrique\Desktop\Portal Paciente\.metadata\.plugins\org.eclipse.swt\EBWebView\Default lastActive=2026-09-09T18:40:00.508Z
2026-09-09 19:03:13.846: [INFO] OnDoneLoading sync enabled: 0
2026-09-09 19:03:13.846: [INFO] BookmarkModelLoaded, ids_reassigned: 0
2026-09-09 19:03:13.846: [INFO] BookmarksLoadDropped droppedNodes=0
2026-09-09 19:03:13.846: [INFO] BookmarksSnapshot Startup total=0 bar=0 other=0 mobile=0 showBar=0 showBarNTP=1
2026-09-09 19:03:16.586: [INFO] BookmarksSnapshot Shutdown total=0 bar=0 other=0 mobile=0 showBar=0 showBarNTP=1
2026-09-10 00:16:33.708: [INFO] CurrentProfilePath: C:\Users\Henrique\Desktop\Portal Paciente\.metadata\.plugins\org.eclipse.swt\EBWebView\Default
2026-09-10 00:16:33.708: [INFO] Profiles total count: 1
2026-09-10 00:16:33.708: [INFO] Profile: name=Perfil 1 path=C:\Users\Henrique\Desktop\Portal Paciente\.metadata\.plugins\org.eclipse.swt\EBWebView\Default lastActive=2026-09-09T18:40:00.508Z
2026-09-10 00:16:33.708: [INFO] LastUsedProfileDir: C:\Users\Henrique\Desktop\Portal Paciente\.metadata\.plugins\org.eclipse.swt\EBWebView\Default
2026-09-10 00:16:33.708: [INFO] MostRecentlyActiveProfile: name=Perfil 1 path=C:\Users\Henrique\Desktop\Portal Paciente\.metadata\.plugins\org.eclipse.swt\EBWebView\Default lastActive=2026-09-09T18:40:00.508Z
2026-09-10 00:16:33.708: [INFO] OnDoneLoading sync enabled: 0
2026-09-10 00:16:33.708: [INFO] BookmarkModelLoaded, ids_reassigned: 0
2026-09-10 00:16:33.708: [INFO] BookmarksLoadDropped droppedNodes=0
2026-09-10 00:16:33.708: [INFO] BookmarksSnapshot Startup total=0 bar=0 other=0 mobile=0 showBar=0 showBarNTP=1
2026-09-10 00:35:53.415: [INFO] BookmarksSnapshot Shutdown total=0 bar=0 other=0 mobile=0 showBar=0 showBarNTP=1
2026-09-12 12:34:48.989: [INFO] CurrentProfilePath: C:\Users\Henrique\Desktop\Portal Paciente\.metadata\.plugins\org.eclipse.swt\EBWebView\Default
2026-09-12 12:34:48.989: [INFO] Profiles total count: 1
2026-09-12 12:34:48.989: [INFO] Profile: name=Perfil 1 path=C:\Users\Henrique\Desktop\Portal Paciente\.metadata\.plugins\org.eclipse.swt\EBWebView\Default lastActive=2026-09-09T18:40:00.508Z
2026-09-12 12:34:48.989: [INFO] LastUsedProfileDir: C:\Users\Henrique\Desktop\Portal Paciente\.metadata\.plugins\org.eclipse.swt\EBWebView\Default
2026-09-12 12:34:48.989: [INFO] MostRecentlyActiveProfile: name=Perfil 1 path=C:\Users\Henrique\Desktop\Portal Paciente\.metadata\.plugins\org.eclipse.swt\EBWebView\Default lastActive=2026-09-09T18:40:00.508Z
2026-09-12 12:34:48.989: [INFO] OnDoneLoading sync enabled: 0
2026-09-12 12:34:48.989: [INFO] BookmarkModelLoaded, ids_reassigned: 0
2026-09-12 12:34:48.989: [INFO] BookmarksLoadDropped droppedNodes=0
2026-09-12 12:34:48.989: [INFO] BookmarksSnapshot Startup total=0 bar=0 other=0 mobile=0 showBar=0 showBarNTP=1
2026-09-12 12:34:52.029: [INFO] BookmarksSnapshot Shutdown total=0 bar=0 other=0 mobile=0 showBar=0 showBarNTP=1
2026-09-12 13:28:00.249: [INFO] CurrentProfilePath: C:\Users\Henrique\Desktop\Portal Paciente\.metadata\.plugins\org.eclipse.swt\EBWebView\Default
2026-09-12 13:28:00.249: [INFO] Profiles total count: 1
2026-09-12 13:28:00.249: [INFO] Profile: name=Perfil 1 path=C:\Users\Henrique\Desktop\Portal Paciente\.metadata\.plugins\org.eclipse.swt\EBWebView\Default lastActive=2026-09-09T18:40:00.508Z
2026-09-12 13:28:00.249: [INFO] LastUsedProfileDir: C:\Users\Henrique\Desktop\Portal Paciente\.metadata\.plugins\org.eclipse.swt\EBWebView\Default
2026-09-12 13:28:00.249: [INFO] MostRecentlyActiveProfile: name=Perfil 1 path=C:\Users\Henrique\Desktop\Portal Paciente\.metadata\.plugins\org.eclipse.swt\EBWebView\Default lastActive=2026-09-09T18:40:00.508Z
2026-09-12 13:28:00.249: [INFO] OnDoneLoading sync enabled: 0
2026-09-12 13:28:00.249: [INFO] BookmarkModelLoaded, ids_reassigned: 0
2026-09-12 13:28:00.249: [INFO] BookmarksLoadDropped droppedNodes=0
2026-09-12 13:28:00.249: [INFO] BookmarksSnapshot Startup total=0 bar=0 other=0 mobile=0 showBar=0 showBarNTP=1
2026-09-12 15:14:19.678: [INFO] BookmarksSnapshot Shutdown total=0 bar=0 other=0 mobile=0 showBar=0 showBarNTP=1
2026-09-12 16:34:33.532: [INFO] CurrentProfilePath: C:\Users\Henrique\Desktop\Portal Paciente\.metadata\.plugins\org.eclipse.swt\EBWebView\Default
2026-09-12 16:34:33.532: [INFO] Profiles total count: 1
2026-09-12 16:34:33.532: [INFO] Profile: name=Perfil 1 path=C:\Users\Henrique\Desktop\Portal Paciente\.metadata\.plugins\org.eclipse.swt\EBWebView\Default lastActive=2026-09-09T18:40:00.508Z
2026-09-12 16:34:33.532: [INFO] LastUsedProfileDir: C:\Users\Henrique\Desktop\Portal Paciente\.metadata\.plugins\org.eclipse.swt\EBWebView\Default
2026-09-12 16:34:33.532: [INFO] MostRecentlyActiveProfile: name=Perfil 1 path=C:\Users\Henrique\Desktop\Portal Paciente\.metadata\.plugins\org.eclipse.swt\EBWebView\Default lastActive=2026-09-09T18:40:00.508Z
2026-09-12 16:34:33.532: [INFO] OnDoneLoading sync enabled: 0
2026-09-12 16:34:33.532: [INFO] BookmarkModelLoaded, ids_reassigned: 0
2026-09-12 16:34:33.532: [INFO] BookmarksLoadDropped droppedNodes=0
2026-09-12 16:34:33.532: [INFO] BookmarksSnapshot Startup total=0 bar=0 other=0 mobile=0 showBar=0 showBarNTP=1
2026-09-12 18:46:15.063: [INFO] BookmarksSnapshot Shutdown total=0 bar=0 other=0 mobile=0 showBar=0 showBarNTP=1
2026-09-12 20:01:52.164: [INFO] CurrentProfilePath: C:\Users\Henrique\Desktop\Portal Paciente\.metadata\.plugins\org.eclipse.swt\EBWebView\Default
2026-09-12 20:01:52.164: [INFO] Profiles total count: 1
2026-09-12 20:01:52.164: [INFO] Profile: name=Perfil 1 path=C:\Users\Henrique\Desktop\Portal Paciente\.metadata\.plugins\org.eclipse.swt\EBWebView\Default lastActive=2026-09-09T18:40:00.508Z
2026-09-12 20:01:52.164: [INFO] LastUsedProfileDir: C:\Users\Henrique\Desktop\Portal Paciente\.metadata\.plugins\org.eclipse.swt\EBWebView\Default
2026-09-12 20:01:52.164: [INFO] MostRecentlyActiveProfile: name=Perfil 1 path=C:\Users\Henrique\Desktop\Portal Paciente\.metadata\.plugins\org.eclipse.swt\EBWebView\Default lastActive=2026-09-09T18:40:00.508Z
2026-09-12 20:01:52.164: [INFO] OnDoneLoading sync enabled: 0
2026-09-12 20:01:52.164: [INFO] BookmarkModelLoaded, ids_reassigned: 0
2026-09-12 20:01:52.164: [INFO] BookmarksLoadDropped droppedNodes=0
2026-09-12 20:01:52.164: [INFO] BookmarksSnapshot Startup total=0 bar=0 other=0 mobile=0 showBar=0 showBarNTP=1
2026-09-12 20:02:11.325: [INFO] BookmarksSnapshot Shutdown total=0 bar=0 other=0 mobile=0 showBar=0 showBarNTP=1
2026-09-12 20:03:24.002: [INFO] CurrentProfilePath: C:\Users\Henrique\Desktop\Portal Paciente\.metadata\.plugins\org.eclipse.swt\EBWebView\Default
2026-09-12 20:03:24.002: [INFO] Profiles total count: 1
2026-09-12 20:03:24.002: [INFO] Profile: name=Perfil 1 path=C:\Users\Henrique\Desktop\Portal Paciente\.metadata\.plugins\org.eclipse.swt\EBWebView\Default lastActive=2026-09-09T18:40:00.508Z
2026-09-12 20:03:24.002: [INFO] LastUsedProfileDir: C:\Users\Henrique\Desktop\Portal Paciente\.metadata\.plugins\org.eclipse.swt\EBWebView\Default
2026-09-12 20:03:24.002: [INFO] MostRecentlyActiveProfile: name=Perfil 1 path=C:\Users\Henrique\Desktop\Portal Paciente\.metadata\.plugins\org.eclipse.swt\EBWebView\Default lastActive=2026-09-09T18:40:00.508Z
2026-09-12 20:03:24.002: [INFO] OnDoneLoading sync enabled: 0
2026-09-12 20:03:24.002: [INFO] BookmarkModelLoaded, ids_reassigned: 0
2026-09-12 20:03:24.002: [INFO] BookmarksLoadDropped droppedNodes=0
2026-09-12 20:03:24.002: [INFO] BookmarksSnapshot Startup total=0 bar=0 other=0 mobile=0 showBar=0 showBarNTP=1
2026-09-12 20:03:32.553: [INFO] BookmarksSnapshot Shutdown total=0 bar=0 other=0 mobile=0 showBar=0 showBarNTP=1
2026-09-12 20:11:50.863: [INFO] CurrentProfilePath: C:\Users\Henrique\Desktop\Portal Paciente\.metadata\.plugins\org.eclipse.swt\EBWebView\Default
2026-09-12 20:11:50.863: [INFO] Profiles total count: 1
2026-09-12 20:11:50.863: [INFO] Profile: name=Perfil 1 path=C:\Users\Henrique\Desktop\Portal Paciente\.metadata\.plugins\org.eclipse.swt\EBWebView\Default lastActive=2026-09-09T18:40:00.508Z
2026-09-12 20:11:50.863: [INFO] LastUsedProfileDir: C:\Users\Henrique\Desktop\Portal Paciente\.metadata\.plugins\org.eclipse.swt\EBWebView\Default
2026-09-12 20:11:50.863: [INFO] MostRecentlyActiveProfile: name=Perfil 1 path=C:\Users\Henrique\Desktop\Portal Paciente\.metadata\.plugins\org.eclipse.swt\EBWebView\Default lastActive=2026-09-09T18:40:00.508Z
2026-09-12 20:11:50.863: [INFO] OnDoneLoading sync enabled: 0
2026-09-12 20:11:50.863: [INFO] BookmarkModelLoaded, ids_reassigned: 0
2026-09-12 20:11:50.863: [INFO] BookmarksLoadDropped droppedNodes=0
2026-09-12 20:11:50.863: [INFO] BookmarksSnapshot Startup total=0 bar=0 other=0 mobile=0 showBar=0 showBarNTP=1
2026-09-12 20:11:53.392: [INFO] BookmarksSnapshot Shutdown total=0 bar=0 other=0 mobile=0 showBar=0 showBarNTP=1
2026-09-12 20:14:15.793: [INFO] CurrentProfilePath: C:\Users\Henrique\Desktop\Portal Paciente\.metadata\.plugins\org.eclipse.swt\EBWebView\Default
2026-09-12 20:14:15.793: [INFO] Profiles total count: 1
2026-09-12 20:14:15.793: [INFO] Profile: name=Perfil 1 path=C:\Users\Henrique\Desktop\Portal Paciente\.metadata\.plugins\org.eclipse.swt\EBWebView\Default lastActive=2026-09-09T18:40:00.508Z
2026-09-12 20:14:15.793: [INFO] LastUsedProfileDir: C:\Users\Henrique\Desktop\Portal Paciente\.metadata\.plugins\org.eclipse.swt\EBWebView\Default
2026-09-12 20:14:15.793: [INFO] MostRecentlyActiveProfile: name=Perfil 1 path=C:\Users\Henrique\Desktop\Portal Paciente\.metadata\.plugins\org.eclipse.swt\EBWebView\Default lastActive=2026-09-09T18:40:00.508Z
2026-09-12 20:14:15.793: [INFO] OnDoneLoading sync enabled: 0
2026-09-12 20:14:15.793: [INFO] BookmarkModelLoaded, ids_reassigned: 0
2026-09-12 20:14:15.793: [INFO] BookmarksLoadDropped droppedNodes=0
2026-09-12 20:14:15.793: [INFO] BookmarksSnapshot Startup total=0 bar=0 other=0 mobile=0 showBar=0 showBarNTP=1
2026-09-12 20:14:20.054: [INFO] BookmarksSnapshot Shutdown total=0 bar=0 other=0 mobile=0 showBar=0 showBarNTP=1
2026-09-12 20:14:23.257: [INFO] CurrentProfilePath: C:\Users\Henrique\Desktop\Portal Paciente\.metadata\.plugins\org.eclipse.swt\EBWebView\Default
2026-09-12 20:14:23.257: [INFO] Profiles total count: 1
2026-09-12 20:14:23.257: [INFO] Profile: name=Perfil 1 path=C:\Users\Henrique\Desktop\Portal Paciente\.metadata\.plugins\org.eclipse.swt\EBWebView\Default lastActive=2026-09-09T18:40:00.508Z
2026-09-12 20:14:23.257: [INFO] LastUsedProfileDir: C:\Users\Henrique\Desktop\Portal Paciente\.metadata\.plugins\org.eclipse.swt\EBWebView\Default
2026-09-12 20:14:23.258: [INFO] MostRecentlyActiveProfile: name=Perfil 1 path=C:\Users\Henrique\Desktop\Portal Paciente\.metadata\.plugins\org.eclipse.swt\EBWebView\Default lastActive=2026-09-09T18:40:00.508Z
2026-09-12 20:14:23.258: [INFO] OnDoneLoading sync enabled: 0
2026-09-12 20:14:23.258: [INFO] BookmarkModelLoaded, ids_reassigned: 0
2026-09-12 20:14:23.258: [INFO] BookmarksLoadDropped droppedNodes=0
2026-09-12 20:14:23.258: [INFO] BookmarksSnapshot Startup total=0 bar=0 other=0 mobile=0 showBar=0 showBarNTP=1
2026-09-12 20:14:48.774: [INFO] BookmarksSnapshot Shutdown total=0 bar=0 other=0 mobile=0 showBar=0 showBarNTP=1
2026-09-12 20:18:35.378: [INFO] CurrentProfilePath: C:\Users\Henrique\Desktop\Portal Paciente\.metadata\.plugins\org.eclipse.swt\EBWebView\Default
2026-09-12 20:18:35.378: [INFO] Profiles total count: 1
2026-09-12 20:18:35.378: [INFO] Profile: name=Perfil 1 path=C:\Users\Henrique\Desktop\Portal Paciente\.metadata\.plugins\org.eclipse.swt\EBWebView\Default lastActive=2026-09-09T18:40:00.508Z
2026-09-12 20:18:35.378: [INFO] LastUsedProfileDir: C:\Users\Henrique\Desktop\Portal Paciente\.metadata\.plugins\org.eclipse.swt\EBWebView\Default
2026-09-12 20:18:35.378: [INFO] MostRecentlyActiveProfile: name=Perfil 1 path=C:\Users\Henrique\Desktop\Portal Paciente\.metadata\.plugins\org.eclipse.swt\EBWebView\Default lastActive=2026-09-09T18:40:00.508Z
2026-09-12 20:18:35.378: [INFO] OnDoneLoading sync enabled: 0
2026-09-12 20:18:35.378: [INFO] BookmarkModelLoaded, ids_reassigned: 0
2026-09-12 20:18:35.378: [INFO] BookmarksLoadDropped droppedNodes=0
2026-09-12 20:18:35.378: [INFO] BookmarksSnapshot Startup total=0 bar=0 other=0 mobile=0 showBar=0 showBarNTP=1
2026-09-12 21:57:16.569: [INFO] BookmarksSnapshot Shutdown total=0 bar=0 other=0 mobile=0 showBar=0 showBarNTP=1
2026-09-15 20:25:10.832: [INFO] CurrentProfilePath: C:\Users\Henrique\Desktop\Portal Paciente\.metadata\.plugins\org.eclipse.swt\EBWebView\Default
2026-09-15 20:25:10.832: [INFO] Profiles total count: 1
2026-09-15 20:25:10.832: [INFO] Profile: name=Perfil 1 path=C:\Users\Henrique\Desktop\Portal Paciente\.metadata\.plugins\org.eclipse.swt\EBWebView\Default lastActive=2026-09-09T18:40:00.508Z
2026-09-15 20:25:10.832: [INFO] LastUsedProfileDir: C:\Users\Henrique\Desktop\Portal Paciente\.metadata\.plugins\org.eclipse.swt\EBWebView\Default
2026-09-15 20:25:10.832: [INFO] MostRecentlyActiveProfile: name=Perfil 1 path=C:\Users\Henrique\Desktop\Portal Paciente\.metadata\.plugins\org.eclipse.swt\EBWebView\Default lastActive=2026-09-09T18:40:00.508Z
2026-09-15 20:25:10.832: [INFO] OnDoneLoading sync enabled: 0
2026-09-15 20:25:10.832: [INFO] BookmarkModelLoaded, ids_reassigned: 0
2026-09-15 20:25:10.832: [INFO] BookmarksLoadDropped droppedNodes=0
2026-09-15 20:25:10.832: [INFO] BookmarksSnapshot Startup total=0 bar=0 other=0 mobile=0 showBar=0 showBarNTP=1
2026-09-15 20:55:51.354: [INFO] BookmarksSnapshot Shutdown total=0 bar=0 other=0 mobile=0 showBar=0 showBarNTP=1
2026-09-17 21:25:03.492: [INFO] CurrentProfilePath: C:\Users\Henrique\Desktop\Portal Paciente\.metadata\.plugins\org.eclipse.swt\EBWebView\Default
2026-09-17 21:25:03.492: [INFO] Profiles total count: 1
2026-09-17 21:25:03.492: [INFO] Profile: name=Perfil 1 path=C:\Users\Henrique\Desktop\Portal Paciente\.metadata\.plugins\org.eclipse.swt\EBWebView\Default lastActive=2026-09-09T18:40:00.508Z
2026-09-17 21:25:03.492: [INFO] LastUsedProfileDir: C:\Users\Henrique\Desktop\Portal Paciente\.metadata\.plugins\org.eclipse.swt\EBWebView\Default
2026-09-17 21:25:03.492: [INFO] MostRecentlyActiveProfile: name=Perfil 1 path=C:\Users\Henrique\Desktop\Portal Paciente\.metadata\.plugins\org.eclipse.swt\EBWebView\Default lastActive=2026-09-09T18:40:00.508Z
2026-09-17 21:25:03.492: [INFO] OnDoneLoading sync enabled: 0
2026-09-17 21:25:03.492: [INFO] BookmarkModelLoaded, ids_reassigned: 0
2026-09-17 21:25:03.492: [INFO] BookmarksLoadDropped droppedNodes=0
2026-09-17 21:25:03.492: [INFO] BookmarksSnapshot Startup total=0 bar=0 other=0 mobile=0 showBar=0 showBarNTP=1
2026-09-17 21:25:27.118: [INFO] BookmarksSnapshot Shutdown total=0 bar=0 other=0 mobile=0 showBar=0 showBarNTP=1
2026-09-17 21:37:03.533: [INFO] CurrentProfilePath: C:\Users\Henrique\Desktop\Portal Paciente\.metadata\.plugins\org.eclipse.swt\EBWebView\Default
2026-09-17 21:37:03.533: [INFO] Profiles total count: 1
2026-09-17 21:37:03.534: [INFO] Profile: name=Perfil 1 path=C:\Users\Henrique\Desktop\Portal Paciente\.metadata\.plugins\org.eclipse.swt\EBWebView\Default lastActive=2026-09-09T18:40:00.508Z
2026-09-17 21:37:03.534: [INFO] LastUsedProfileDir: C:\Users\Henrique\Desktop\Portal Paciente\.metadata\.plugins\org.eclipse.swt\EBWebView\Default
2026-09-17 21:37:03.534: [INFO] MostRecentlyActiveProfile: name=Perfil 1 path=C:\Users\Henrique\Desktop\Portal Paciente\.metadata\.plugins\org.eclipse.swt\EBWebView\Default lastActive=2026-09-09T18:40:00.508Z
2026-09-17 21:37:03.534: [INFO] OnDoneLoading sync enabled: 0
2026-09-17 21:37:03.534: [INFO] BookmarkModelLoaded, ids_reassigned: 0
2026-09-17 21:37:03.534: [INFO] BookmarksLoadDropped droppedNodes=0
2026-09-17 21:37:03.534: [INFO] BookmarksSnapshot Startup total=0 bar=0 other=0 mobile=0 showBar=0 showBarNTP=1
2026-09-17 21:37:07.096: [INFO] BookmarksSnapshot Shutdown total=0 bar=0 other=0 mobile=0 showBar=0 showBarNTP=1
2026-09-17 21:39:16.967: [INFO] CurrentProfilePath: C:\Users\Henrique\Desktop\Portal Paciente\.metadata\.plugins\org.eclipse.swt\EBWebView\Default
2026-09-17 21:39:16.967: [INFO] Profiles total count: 1
2026-09-17 21:39:16.968: [INFO] Profile: name=Perfil 1 path=C:\Users\Henrique\Desktop\Portal Paciente\.metadata\.plugins\org.eclipse.swt\EBWebView\Default lastActive=2026-09-09T18:40:00.508Z
2026-09-17 21:39:16.968: [INFO] LastUsedProfileDir: C:\Users\Henrique\Desktop\Portal Paciente\.metadata\.plugins\org.eclipse.swt\EBWebView\Default
2026-09-17 21:39:16.968: [INFO] MostRecentlyActiveProfile: name=Perfil 1 path=C:\Users\Henrique\Desktop\Portal Paciente\.metadata\.plugins\org.eclipse.swt\EBWebView\Default lastActive=2026-09-09T18:40:00.508Z
2026-09-17 21:39:16.968: [INFO] OnDoneLoading sync enabled: 0
2026-09-17 21:39:16.968: [INFO] BookmarkModelLoaded, ids_reassigned: 0
2026-09-17 21:39:16.968: [INFO] BookmarksLoadDropped droppedNodes=0
2026-09-17 21:39:16.968: [INFO] BookmarksSnapshot Startup total=0 bar=0 other=0 mobile=0 showBar=0 showBarNTP=1
2026-09-17 21:39:27.378: [INFO] BookmarksSnapshot Shutdown total=0 bar=0 other=0 mobile=0 showBar=0 showBarNTP=1
2026-09-17 21:39:44.562: [INFO] CurrentProfilePath: C:\Users\Henrique\Desktop\Portal Paciente\.metadata\.plugins\org.eclipse.swt\EBWebView\Default
2026-09-17 21:39:44.562: [INFO] Profiles total count: 1
2026-09-17 21:39:44.562: [INFO] Profile: name=Perfil 1 path=C:\Users\Henrique\Desktop\Portal Paciente\.metadata\.plugins\org.eclipse.swt\EBWebView\Default lastActive=2026-09-09T18:40:00.508Z
2026-09-17 21:39:44.562: [INFO] LastUsedProfileDir: C:\Users\Henrique\Desktop\Portal Paciente\.metadata\.plugins\org.eclipse.swt\EBWebView\Default
2026-09-17 21:39:44.562: [INFO] MostRecentlyActiveProfile: name=Perfil 1 path=C:\Users\Henrique\Desktop\Portal Paciente\.metadata\.plugins\org.eclipse.swt\EBWebView\Default lastActive=2026-09-09T18:40:00.508Z
2026-09-17 21:39:44.562: [INFO] OnDoneLoading sync enabled: 0
2026-09-17 21:39:44.562: [INFO] BookmarkModelLoaded, ids_reassigned: 0
2026-09-17 21:39:44.562: [INFO] BookmarksLoadDropped droppedNodes=0
2026-09-17 21:39:44.562: [INFO] BookmarksSnapshot Startup total=0 bar=0 other=0 mobile=0 showBar=0 showBarNTP=1
2026-09-17 21:40:33.592: [INFO] BookmarksSnapshot Shutdown total=0 bar=0 other=0 mobile=0 showBar=0 showBarNTP=1
2026-09-17 21:40:44.762: [INFO] CurrentProfilePath: C:\Users\Henrique\Desktop\Portal Paciente\.metadata\.plugins\org.eclipse.swt\EBWebView\Default
2026-09-17 21:40:44.762: [INFO] Profiles total count: 1
2026-09-17 21:40:44.762: [INFO] Profile: name=Perfil 1 path=C:\Users\Henrique\Desktop\Portal Paciente\.metadata\.plugins\org.eclipse.swt\EBWebView\Default lastActive=2026-09-09T18:40:00.508Z
2026-09-17 21:40:44.762: [INFO] LastUsedProfileDir: C:\Users\Henrique\Desktop\Portal Paciente\.metadata\.plugins\org.eclipse.swt\EBWebView\Default
2026-09-17 21:40:44.762: [INFO] MostRecentlyActiveProfile: name=Perfil 1 path=C:\Users\Henrique\Desktop\Portal Paciente\.metadata\.plugins\org.eclipse.swt\EBWebView\Default lastActive=2026-09-09T18:40:00.508Z
2026-09-17 21:40:44.762: [INFO] OnDoneLoading sync enabled: 0
2026-09-17 21:40:44.762: [INFO] BookmarkModelLoaded, ids_reassigned: 0
2026-09-17 21:40:44.762: [INFO] BookmarksLoadDropped droppedNodes=0
2026-09-17 21:40:44.762: [INFO] BookmarksSnapshot Startup total=0 bar=0 other=0 mobile=0 showBar=0 showBarNTP=1
2026-09-17 21:42:51.672: [INFO] BookmarksSnapshot Shutdown total=0 bar=0 other=0 mobile=0 showBar=0 showBarNTP=1
2026-09-17 22:03:21.936: [INFO] CurrentProfilePath: C:\Users\Henrique\Desktop\Portal Paciente\.metadata\.plugins\org.eclipse.swt\EBWebView\Default
2026-09-17 22:03:21.936: [INFO] Profiles total count: 1
2026-09-17 22:03:21.936: [INFO] Profile: name=Perfil 1 path=C:\Users\Henrique\Desktop\Portal Paciente\.metadata\.plugins\org.eclipse.swt\EBWebView\Default lastActive=2026-09-09T18:40:00.508Z
2026-09-17 22:03:21.936: [INFO] LastUsedProfileDir: C:\Users\Henrique\Desktop\Portal Paciente\.metadata\.plugins\org.eclipse.swt\EBWebView\Default
2026-09-17 22:03:21.936: [INFO] MostRecentlyActiveProfile: name=Perfil 1 path=C:\Users\Henrique\Desktop\Portal Paciente\.metadata\.plugins\org.eclipse.swt\EBWebView\Default lastActive=2026-09-09T18:40:00.508Z
2026-09-17 22:03:21.936: [INFO] OnDoneLoading sync enabled: 0
2026-09-17 22:03:21.936: [INFO] BookmarkModelLoaded, ids_reassigned: 0
2026-09-17 22:03:21.936: [INFO] BookmarksLoadDropped droppedNodes=0
2026-09-17 22:03:21.936: [INFO] BookmarksSnapshot Startup total=0 bar=0 other=0 mobile=0 showBar=0 showBarNTP=1
2026-09-17 22:05:15.379: [INFO] BookmarksSnapshot Shutdown total=0 bar=0 other=0 mobile=0 showBar=0 showBarNTP=1
2026-09-17 22:06:31.178: [INFO] CurrentProfilePath: C:\Users\Henrique\Desktop\Portal Paciente\.metadata\.plugins\org.eclipse.swt\EBWebView\Default
2026-09-17 22:06:31.178: [INFO] Profiles total count: 1
2026-09-17 22:06:31.178: [INFO] Profile: name=Perfil 1 path=C:\Users\Henrique\Desktop\Portal Paciente\.metadata\.plugins\org.eclipse.swt\EBWebView\Default lastActive=2026-09-09T18:40:00.508Z
2026-09-17 22:06:31.178: [INFO] LastUsedProfileDir: C:\Users\Henrique\Desktop\Portal Paciente\.metadata\.plugins\org.eclipse.swt\EBWebView\Default
2026-09-17 22:06:31.178: [INFO] MostRecentlyActiveProfile: name=Perfil 1 path=C:\Users\Henrique\Desktop\Portal Paciente\.metadata\.plugins\org.eclipse.swt\EBWebView\Default lastActive=2026-09-09T18:40:00.508Z
2026-09-17 22:06:31.178: [INFO] OnDoneLoading sync enabled: 0
2026-09-17 22:06:31.178: [INFO] BookmarkModelLoaded, ids_reassigned: 0
2026-09-17 22:06:31.178: [INFO] BookmarksLoadDropped droppedNodes=0
2026-09-17 22:06:31.178: [INFO] BookmarksSnapshot Startup total=0 bar=0 other=0 mobile=0 showBar=0 showBarNTP=1
2026-09-17 22:12:48.316: [INFO] BookmarksSnapshot Shutdown total=0 bar=0 other=0 mobile=0 showBar=0 showBarNTP=1
2026-09-17 22:25:15.454: [INFO] CurrentProfilePath: C:\Users\Henrique\Desktop\Portal Paciente\.metadata\.plugins\org.eclipse.swt\EBWebView\Default
2026-09-17 22:25:15.454: [INFO] Profiles total count: 1
2026-09-17 22:25:15.454: [INFO] Profile: name=Perfil 1 path=C:\Users\Henrique\Desktop\Portal Paciente\.metadata\.plugins\org.eclipse.swt\EBWebView\Default lastActive=2026-09-09T18:40:00.508Z
2026-09-17 22:25:15.454: [INFO] LastUsedProfileDir: C:\Users\Henrique\Desktop\Portal Paciente\.metadata\.plugins\org.eclipse.swt\EBWebView\Default
2026-09-17 22:25:15.454: [INFO] MostRecentlyActiveProfile: name=Perfil 1 path=C:\Users\Henrique\Desktop\Portal Paciente\.metadata\.plugins\org.eclipse.swt\EBWebView\Default lastActive=2026-09-09T18:40:00.508Z
2026-09-17 22:25:15.454: [INFO] OnDoneLoading sync enabled: 0
2026-09-17 22:25:15.454: [INFO] BookmarkModelLoaded, ids_reassigned: 0
2026-09-17 22:25:15.454: [INFO] BookmarksLoadDropped droppedNodes=0
2026-09-17 22:25:15.454: [INFO] BookmarksSnapshot Startup total=0 bar=0 other=0 mobile=0 showBar=0 showBarNTP=1
2026-09-17 22:25:22.654: [INFO] BookmarksSnapshot Shutdown total=0 bar=0 other=0 mobile=0 showBar=0 showBarNTP=1
2026-09-17 22:31:30.309: [INFO] CurrentProfilePath: C:\Users\Henrique\Desktop\Portal Paciente\.metadata\.plugins\org.eclipse.swt\EBWebView\Default
2026-09-17 22:31:30.309: [INFO] Profiles total count: 1
2026-09-17 22:31:30.310: [INFO] Profile: name=Perfil 1 path=C:\Users\Henrique\Desktop\Portal Paciente\.metadata\.plugins\org.eclipse.swt\EBWebView\Default lastActive=2026-09-09T18:40:00.508Z
2026-09-17 22:31:30.310: [INFO] LastUsedProfileDir: C:\Users\Henrique\Desktop\Portal Paciente\.metadata\.plugins\org.eclipse.swt\EBWebView\Default
2026-09-17 22:31:30.310: [INFO] MostRecentlyActiveProfile: name=Perfil 1 path=C:\Users\Henrique\Desktop\Portal Paciente\.metadata\.plugins\org.eclipse.swt\EBWebView\Default lastActive=2026-09-09T18:40:00.508Z
2026-09-17 22:31:30.310: [INFO] OnDoneLoading sync enabled: 0
2026-09-17 22:31:30.310: [INFO] BookmarkModelLoaded, ids_reassigned: 0
2026-09-17 22:31:30.310: [INFO] BookmarksLoadDropped droppedNodes=0
2026-09-17 22:31:30.310: [INFO] BookmarksSnapshot Startup total=0 bar=0 other=0 mobile=0 showBar=0 showBarNTP=1
2026-09-17 22:33:30.565: [INFO] BookmarksSnapshot Shutdown total=0 bar=0 other=0 mobile=0 showBar=0 showBarNTP=1
2026-09-17 22:46:37.404: [INFO] CurrentProfilePath: C:\Users\Henrique\Desktop\Portal Paciente\.metadata\.plugins\org.eclipse.swt\EBWebView\Default
2026-09-17 22:46:37.404: [INFO] Profiles total count: 1
2026-09-17 22:46:37.405: [INFO] Profile: name=Perfil 1 path=C:\Users\Henrique\Desktop\Portal Paciente\.metadata\.plugins\org.eclipse.swt\EBWebView\Default lastActive=2026-09-09T18:40:00.508Z
2026-09-17 22:46:37.405: [INFO] LastUsedProfileDir: C:\Users\Henrique\Desktop\Portal Paciente\.metadata\.plugins\org.eclipse.swt\EBWebView\Default
2026-09-17 22:46:37.405: [INFO] MostRecentlyActiveProfile: name=Perfil 1 path=C:\Users\Henrique\Desktop\Portal Paciente\.metadata\.plugins\org.eclipse.swt\EBWebView\Default lastActive=2026-09-09T18:40:00.508Z
2026-09-17 22:46:37.405: [INFO] OnDoneLoading sync enabled: 0
2026-09-17 22:46:37.405: [INFO] BookmarkModelLoaded, ids_reassigned: 0
2026-09-17 22:46:37.405: [INFO] BookmarksLoadDropped droppedNodes=0
2026-09-17 22:46:37.405: [INFO] BookmarksSnapshot Startup total=0 bar=0 other=0 mobile=0 showBar=0 showBarNTP=1
2026-09-17 22:46:42.523: [INFO] BookmarksSnapshot Shutdown total=0 bar=0 other=0 mobile=0 showBar=0 showBarNTP=1
2026-09-17 22:57:31.742: [INFO] CurrentProfilePath: C:\Users\Henrique\Desktop\Portal Paciente\.metadata\.plugins\org.eclipse.swt\EBWebView\Default
2026-09-17 22:57:31.742: [INFO] Profiles total count: 1
2026-09-17 22:57:31.742: [INFO] Profile: name=Perfil 1 path=C:\Users\Henrique\Desktop\Portal Paciente\.metadata\.plugins\org.eclipse.swt\EBWebView\Default lastActive=2026-09-09T18:40:00.508Z
2026-09-17 22:57:31.742: [INFO] LastUsedProfileDir: C:\Users\Henrique\Desktop\Portal Paciente\.metadata\.plugins\org.eclipse.swt\EBWebView\Default
2026-09-17 22:57:31.742: [INFO] MostRecentlyActiveProfile: name=Perfil 1 path=C:\Users\Henrique\Desktop\Portal Paciente\.metadata\.plugins\org.eclipse.swt\EBWebView\Default lastActive=2026-09-09T18:40:00.508Z
2026-09-17 22:57:31.742: [INFO] OnDoneLoading sync enabled: 0
2026-09-17 22:57:31.742: [INFO] BookmarkModelLoaded, ids_reassigned: 0
2026-09-17 22:57:31.742: [INFO] BookmarksLoadDropped droppedNodes=0
2026-09-17 22:57:31.742: [INFO] BookmarksSnapshot Startup total=0 bar=0 other=0 mobile=0 showBar=0 showBarNTP=1
2026-09-17 22:57:38.090: [INFO] BookmarksSnapshot Shutdown total=0 bar=0 other=0 mobile=0 showBar=0 showBarNTP=1
2026-09-17 22:59:13.567: [INFO] CurrentProfilePath: C:\Users\Henrique\Desktop\Portal Paciente\.metadata\.plugins\org.eclipse.swt\EBWebView\Default
2026-09-17 22:59:13.567: [INFO] Profiles total count: 1
2026-09-17 22:59:13.567: [INFO] Profile: name=Perfil 1 path=C:\Users\Henrique\Desktop\Portal Paciente\.metadata\.plugins\org.eclipse.swt\EBWebView\Default lastActive=2026-09-09T18:40:00.508Z
2026-09-17 22:59:13.567: [INFO] LastUsedProfileDir: C:\Users\Henrique\Desktop\Portal Paciente\.metadata\.plugins\org.eclipse.swt\EBWebView\Default
2026-09-17 22:59:13.567: [INFO] MostRecentlyActiveProfile: name=Perfil 1 path=C:\Users\Henrique\Desktop\Portal Paciente\.metadata\.plugins\org.eclipse.swt\EBWebView\Default lastActive=2026-09-09T18:40:00.508Z
2026-09-17 22:59:13.567: [INFO] OnDoneLoading sync enabled: 0
2026-09-17 22:59:13.567: [INFO] BookmarkModelLoaded, ids_reassigned: 0
2026-09-17 22:59:13.567: [INFO] BookmarksLoadDropped droppedNodes=0
2026-09-17 22:59:13.567: [INFO] BookmarksSnapshot Startup total=0 bar=0 other=0 mobile=0 showBar=0 showBarNTP=1
2026-09-17 22:59:33.550: [INFO] BookmarksSnapshot Shutdown total=0 bar=0 other=0 mobile=0 showBar=0 showBarNTP=1
2026-09-17 23:20:05.839: [INFO] CurrentProfilePath: C:\Users\Henrique\Desktop\Portal Paciente\.metadata\.plugins\org.eclipse.swt\EBWebView\Default
2026-09-17 23:20:05.839: [INFO] Profiles total count: 1
2026-09-17 23:20:05.839: [INFO] Profile: name=Perfil 1 path=C:\Users\Henrique\Desktop\Portal Paciente\.metadata\.plugins\org.eclipse.swt\EBWebView\Default lastActive=2026-09-09T18:40:00.508Z
2026-09-17 23:20:05.839: [INFO] LastUsedProfileDir: C:\Users\Henrique\Desktop\Portal Paciente\.metadata\.plugins\org.eclipse.swt\EBWebView\Default
2026-09-17 23:20:05.839: [INFO] MostRecentlyActiveProfile: name=Perfil 1 path=C:\Users\Henrique\Desktop\Portal Paciente\.metadata\.plugins\org.eclipse.swt\EBWebView\Default lastActive=2026-09-09T18:40:00.508Z
2026-09-17 23:20:05.839: [INFO] OnDoneLoading sync enabled: 0
2026-09-17 23:20:05.839: [INFO] BookmarkModelLoaded, ids_reassigned: 0
2026-09-17 23:20:05.839: [INFO] BookmarksLoadDropped droppedNodes=0
2026-09-17 23:20:05.839: [INFO] BookmarksSnapshot Startup total=0 bar=0 other=0 mobile=0 showBar=0 showBarNTP=1
2026-09-17 23:20:10.411: [INFO] BookmarksSnapshot Shutdown total=0 bar=0 other=0 mobile=0 showBar=0 showBarNTP=1
2026-09-18 02:25:36.432: [INFO] CurrentProfilePath: C:\Users\Henrique\Desktop\Portal Paciente\.metadata\.plugins\org.eclipse.swt\EBWebView\Default
2026-09-18 02:25:36.432: [INFO] Profiles total count: 1
2026-09-18 02:25:36.432: [INFO] Profile: name=Perfil 1 path=C:\Users\Henrique\Desktop\Portal Paciente\.metadata\.plugins\org.eclipse.swt\EBWebView\Default lastActive=2026-09-09T18:40:00.508Z
2026-09-18 02:25:36.432: [INFO] LastUsedProfileDir: C:\Users\Henrique\Desktop\Portal Paciente\.metadata\.plugins\org.eclipse.swt\EBWebView\Default
2026-09-18 02:25:36.432: [INFO] MostRecentlyActiveProfile: name=Perfil 1 path=C:\Users\Henrique\Desktop\Portal Paciente\.metadata\.plugins\org.eclipse.swt\EBWebView\Default lastActive=2026-09-09T18:40:00.508Z
2026-09-18 02:25:36.432: [INFO] OnDoneLoading sync enabled: 0
2026-09-18 02:25:36.432: [INFO] BookmarkModelLoaded, ids_reassigned: 0
2026-09-18 02:25:36.432: [INFO] BookmarksLoadDropped droppedNodes=0
2026-09-18 02:25:36.432: [INFO] BookmarksSnapshot Startup total=0 bar=0 other=0 mobile=0 showBar=0 showBarNTP=1
2026-09-18 02:26:10.957: [INFO] BookmarksSnapshot Shutdown total=0 bar=0 other=0 mobile=0 showBar=0 showBarNTP=1
2026-09-18 02:28:55.435: [INFO] CurrentProfilePath: C:\Users\Henrique\Desktop\Portal Paciente\.metadata\.plugins\org.eclipse.swt\EBWebView\Default
2026-09-18 02:28:55.435: [INFO] Profiles total count: 1
2026-09-18 02:28:55.435: [INFO] Profile: name=Perfil 1 path=C:\Users\Henrique\Desktop\Portal Paciente\.metadata\.plugins\org.eclipse.swt\EBWebView\Default lastActive=2026-09-09T18:40:00.508Z
2026-09-18 02:28:55.435: [INFO] LastUsedProfileDir: C:\Users\Henrique\Desktop\Portal Paciente\.metadata\.plugins\org.eclipse.swt\EBWebView\Default
2026-09-18 02:28:55.435: [INFO] MostRecentlyActiveProfile: name=Perfil 1 path=C:\Users\Henrique\Desktop\Portal Paciente\.metadata\.plugins\org.eclipse.swt\EBWebView\Default lastActive=2026-09-09T18:40:00.508Z
2026-09-18 02:28:55.435: [INFO] OnDoneLoading sync enabled: 0
2026-09-18 02:28:55.435: [INFO] BookmarkModelLoaded, ids_reassigned: 0
2026-09-18 02:28:55.435: [INFO] BookmarksLoadDropped droppedNodes=0
2026-09-18 02:28:55.435: [INFO] BookmarksSnapshot Startup total=0 bar=0 other=0 mobile=0 showBar=0 showBarNTP=1
2026-09-18 02:29:03.981: [INFO] BookmarksSnapshot Shutdown total=0 bar=0 other=0 mobile=0 showBar=0 showBarNTP=1
2026-09-18 02:31:50.598: [INFO] CurrentProfilePath: C:\Users\Henrique\Desktop\Portal Paciente\.metadata\.plugins\org.eclipse.swt\EBWebView\Default
2026-09-18 02:31:50.598: [INFO] Profiles total count: 1
2026-09-18 02:31:50.598: [INFO] Profile: name=Perfil 1 path=C:\Users\Henrique\Desktop\Portal Paciente\.metadata\.plugins\org.eclipse.swt\EBWebView\Default lastActive=2026-09-09T18:40:00.508Z
2026-09-18 02:31:50.598: [INFO] LastUsedProfileDir: C:\Users\Henrique\Desktop\Portal Paciente\.metadata\.plugins\org.eclipse.swt\EBWebView\Default
2026-09-18 02:31:50.598: [INFO] MostRecentlyActiveProfile: name=Perfil 1 path=C:\Users\Henrique\Desktop\Portal Paciente\.metadata\.plugins\org.eclipse.swt\EBWebView\Default lastActive=2026-09-09T18:40:00.508Z
2026-09-18 02:31:50.598: [INFO] OnDoneLoading sync enabled: 0
2026-09-18 02:31:50.598: [INFO] BookmarkModelLoaded, ids_reassigned: 0
2026-09-18 02:31:50.598: [INFO] BookmarksLoadDropped droppedNodes=0
2026-09-18 02:31:50.598: [INFO] BookmarksSnapshot Startup total=0 bar=0 other=0 mobile=0 showBar=0 showBarNTP=1
2026-09-18 02:44:08.468: [INFO] BookmarksSnapshot Shutdown total=0 bar=0 other=0 mobile=0 showBar=0 showBarNTP=1
2026-09-18 02:46:02.182: [INFO] CurrentProfilePath: C:\Users\Henrique\Desktop\Portal Paciente\.metadata\.plugins\org.eclipse.swt\EBWebView\Default
2026-09-18 02:46:02.182: [INFO] Profiles total count: 1
2026-09-18 02:46:02.182: [INFO] Profile: name=Perfil 1 path=C:\Users\Henrique\Desktop\Portal Paciente\.metadata\.plugins\org.eclipse.swt\EBWebView\Default lastActive=2026-09-09T18:40:00.508Z
2026-09-18 02:46:02.182: [INFO] LastUsedProfileDir: C:\Users\Henrique\Desktop\Portal Paciente\.metadata\.plugins\org.eclipse.swt\EBWebView\Default
2026-09-18 02:46:02.182: [INFO] MostRecentlyActiveProfile: name=Perfil 1 path=C:\Users\Henrique\Desktop\Portal Paciente\.metadata\.plugins\org.eclipse.swt\EBWebView\Default lastActive=2026-09-09T18:40:00.508Z
2026-09-18 02:46:02.182: [INFO] OnDoneLoading sync enabled: 0
2026-09-18 02:46:02.182: [INFO] BookmarkModelLoaded, ids_reassigned: 0
2026-09-18 02:46:02.182: [INFO] BookmarksLoadDropped droppedNodes=0
2026-09-18 02:46:02.182: [INFO] BookmarksSnapshot Startup total=0 bar=0 other=0 mobile=0 showBar=0 showBarNTP=1
2026-09-18 02:46:02.351: [INFO] BookmarksSnapshot Shutdown total=0 bar=0 other=0 mobile=0 showBar=0 showBarNTP=1
2026-09-18 02:49:49.644: [INFO] CurrentProfilePath: C:\Users\Henrique\Desktop\Portal Paciente\.metadata\.plugins\org.eclipse.swt\EBWebView\Default
2026-09-18 02:49:49.644: [INFO] Profiles total count: 1
2026-09-18 02:49:49.644: [INFO] Profile: name=Perfil 1 path=C:\Users\Henrique\Desktop\Portal Paciente\.metadata\.plugins\org.eclipse.swt\EBWebView\Default lastActive=2026-09-09T18:40:00.508Z
2026-09-18 02:49:49.644: [INFO] LastUsedProfileDir: C:\Users\Henrique\Desktop\Portal Paciente\.metadata\.plugins\org.eclipse.swt\EBWebView\Default
2026-09-18 02:49:49.644: [INFO] MostRecentlyActiveProfile: name=Perfil 1 path=C:\Users\Henrique\Desktop\Portal Paciente\.metadata\.plugins\org.eclipse.swt\EBWebView\Default lastActive=2026-09-09T18:40:00.508Z
2026-09-18 02:49:49.644: [INFO] OnDoneLoading sync enabled: 0
2026-09-18 02:49:49.644: [INFO] BookmarkModelLoaded, ids_reassigned: 0
2026-09-18 02:49:49.644: [INFO] BookmarksLoadDropped droppedNodes=0
2026-09-18 02:49:49.644: [INFO] BookmarksSnapshot Startup total=0 bar=0 other=0 mobile=0 showBar=0 showBarNTP=1
2026-09-18 02:50:00.045: [INFO] BookmarksSnapshot Shutdown total=0 bar=0 other=0 mobile=0 showBar=0 showBarNTP=1
2026-09-18 02:57:32.406: [INFO] CurrentProfilePath: C:\Users\Henrique\Desktop\Portal Paciente\.metadata\.plugins\org.eclipse.swt\EBWebView\Default
2026-09-18 02:57:32.406: [INFO] Profiles total count: 1
2026-09-18 02:57:32.407: [INFO] Profile: name=Perfil 1 path=C:\Users\Henrique\Desktop\Portal Paciente\.metadata\.plugins\org.eclipse.swt\EBWebView\Default lastActive=2026-09-09T18:40:00.508Z
2026-09-18 02:57:32.407: [INFO] LastUsedProfileDir: C:\Users\Henrique\Desktop\Portal Paciente\.metadata\.plugins\org.eclipse.swt\EBWebView\Default
2026-09-18 02:57:32.407: [INFO] MostRecentlyActiveProfile: name=Perfil 1 path=C:\Users\Henrique\Desktop\Portal Paciente\.metadata\.plugins\org.eclipse.swt\EBWebView\Default lastActive=2026-09-09T18:40:00.508Z
2026-09-18 02:57:32.407: [INFO] OnDoneLoading sync enabled: 0
2026-09-18 02:57:32.407: [INFO] BookmarkModelLoaded, ids_reassigned: 0
2026-09-18 02:57:32.407: [INFO] BookmarksLoadDropped droppedNodes=0
2026-09-18 02:57:32.407: [INFO] BookmarksSnapshot Startup total=0 bar=0 other=0 mobile=0 showBar=0 showBarNTP=1
2026-09-18 02:58:41.061: [INFO] BookmarksSnapshot Shutdown total=0 bar=0 other=0 mobile=0 showBar=0 showBarNTP=1
2026-09-18 02:59:26.470: [INFO] CurrentProfilePath: C:\Users\Henrique\Desktop\Portal Paciente\.metadata\.plugins\org.eclipse.swt\EBWebView\Default
2026-09-18 02:59:26.470: [INFO] Profiles total count: 1
2026-09-18 02:59:26.470: [INFO] Profile: name=Perfil 1 path=C:\Users\Henrique\Desktop\Portal Paciente\.metadata\.plugins\org.eclipse.swt\EBWebView\Default lastActive=2026-09-09T18:40:00.508Z
2026-09-18 02:59:26.470: [INFO] LastUsedProfileDir: C:\Users\Henrique\Desktop\Portal Paciente\.metadata\.plugins\org.eclipse.swt\EBWebView\Default
2026-09-18 02:59:26.470: [INFO] MostRecentlyActiveProfile: name=Perfil 1 path=C:\Users\Henrique\Desktop\Portal Paciente\.metadata\.plugins\org.eclipse.swt\EBWebView\Default lastActive=2026-09-09T18:40:00.508Z
2026-09-18 02:59:26.470: [INFO] OnDoneLoading sync enabled: 0
2026-09-18 02:59:26.470: [INFO] BookmarkModelLoaded, ids_reassigned: 0
2026-09-18 02:59:26.470: [INFO] BookmarksLoadDropped droppedNodes=0
2026-09-18 02:59:26.470: [INFO] BookmarksSnapshot Startup total=0 bar=0 other=0 mobile=0 showBar=0 showBarNTP=1
2026-09-18 02:59:52.520: [INFO] BookmarksSnapshot Shutdown total=0 bar=0 other=0 mobile=0 showBar=0 showBarNTP=1
2026-09-18 03:01:55.103: [INFO] CurrentProfilePath: C:\Users\Henrique\Desktop\Portal Paciente\.metadata\.plugins\org.eclipse.swt\EBWebView\Default
2026-09-18 03:01:55.103: [INFO] Profiles total count: 1
2026-09-18 03:01:55.104: [INFO] Profile: name=Perfil 1 path=C:\Users\Henrique\Desktop\Portal Paciente\.metadata\.plugins\org.eclipse.swt\EBWebView\Default lastActive=2026-09-09T18:40:00.508Z
2026-09-18 03:01:55.104: [INFO] LastUsedProfileDir: C:\Users\Henrique\Desktop\Portal Paciente\.metadata\.plugins\org.eclipse.swt\EBWebView\Default
2026-09-18 03:01:55.104: [INFO] MostRecentlyActiveProfile: name=Perfil 1 path=C:\Users\Henrique\Desktop\Portal Paciente\.metadata\.plugins\org.eclipse.swt\EBWebView\Default lastActive=2026-09-09T18:40:00.508Z
2026-09-18 03:01:55.104: [INFO] OnDoneLoading sync enabled: 0
2026-09-18 03:01:55.104: [INFO] BookmarkModelLoaded, ids_reassigned: 0
2026-09-18 03:01:55.104: [INFO] BookmarksLoadDropped droppedNodes=0
2026-09-18 03:01:55.104: [INFO] BookmarksSnapshot Startup total=0 bar=0 other=0 mobile=0 showBar=0 showBarNTP=1
2026-09-18 03:02:07.322: [INFO] BookmarksSnapshot Shutdown total=0 bar=0 other=0 mobile=0 showBar=0 showBarNTP=1
2026-09-18 03:02:16.662: [INFO] CurrentProfilePath: C:\Users\Henrique\Desktop\Portal Paciente\.metadata\.plugins\org.eclipse.swt\EBWebView\Default
2026-09-18 03:02:16.662: [INFO] Profiles total count: 1
2026-09-18 03:02:16.662: [INFO] Profile: name=Perfil 1 path=C:\Users\Henrique\Desktop\Portal Paciente\.metadata\.plugins\org.eclipse.swt\EBWebView\Default lastActive=2026-09-09T18:40:00.508Z
2026-09-18 03:02:16.662: [INFO] LastUsedProfileDir: C:\Users\Henrique\Desktop\Portal Paciente\.metadata\.plugins\org.eclipse.swt\EBWebView\Default
2026-09-18 03:02:16.662: [INFO] MostRecentlyActiveProfile: name=Perfil 1 path=C:\Users\Henrique\Desktop\Portal Paciente\.metadata\.plugins\org.eclipse.swt\EBWebView\Default lastActive=2026-09-09T18:40:00.508Z
2026-09-18 03:02:16.662: [INFO] OnDoneLoading sync enabled: 0
2026-09-18 03:02:16.662: [INFO] BookmarkModelLoaded, ids_reassigned: 0
2026-09-18 03:02:16.662: [INFO] BookmarksLoadDropped droppedNodes=0
2026-09-18 03:02:16.662: [INFO] BookmarksSnapshot Startup total=0 bar=0 other=0 mobile=0 showBar=0 showBarNTP=1
2026-09-18 03:03:31.930: [INFO] BookmarksSnapshot Shutdown total=0 bar=0 other=0 mobile=0 showBar=0 showBarNTP=1
2026-09-18 03:06:29.706: [INFO] CurrentProfilePath: C:\Users\Henrique\Desktop\Portal Paciente\.metadata\.plugins\org.eclipse.swt\EBWebView\Default
2026-09-18 03:06:29.706: [INFO] Profiles total count: 1
2026-09-18 03:06:29.707: [INFO] Profile: name=Perfil 1 path=C:\Users\Henrique\Desktop\Portal Paciente\.metadata\.plugins\org.eclipse.swt\EBWebView\Default lastActive=2026-09-09T18:40:00.508Z
2026-09-18 03:06:29.707: [INFO] LastUsedProfileDir: C:\Users\Henrique\Desktop\Portal Paciente\.metadata\.plugins\org.eclipse.swt\EBWebView\Default
2026-09-18 03:06:29.707: [INFO] MostRecentlyActiveProfile: name=Perfil 1 path=C:\Users\Henrique\Desktop\Portal Paciente\.metadata\.plugins\org.eclipse.swt\EBWebView\Default lastActive=2026-09-09T18:40:00.508Z
2026-09-18 03:06:29.707: [INFO] OnDoneLoading sync enabled: 0
2026-09-18 03:06:29.707: [INFO] BookmarkModelLoaded, ids_reassigned: 0
2026-09-18 03:06:29.707: [INFO] BookmarksLoadDropped droppedNodes=0
2026-09-18 03:06:29.707: [INFO] BookmarksSnapshot Startup total=0 bar=0 other=0 mobile=0 showBar=0 showBarNTP=1
2026-09-18 03:09:33.686: [INFO] BookmarksSnapshot Shutdown total=0 bar=0 other=0 mobile=0 showBar=0 showBarNTP=1
2026-09-18 17:40:29.057: [INFO] CurrentProfilePath: C:\Users\Henrique\Desktop\Portal Paciente\.metadata\.plugins\org.eclipse.swt\EBWebView\Default
2026-09-18 17:40:29.057: [INFO] Profiles total count: 1
2026-09-18 17:40:29.058: [INFO] Profile: name=Perfil 1 path=C:\Users\Henrique\Desktop\Portal Paciente\.metadata\.plugins\org.eclipse.swt\EBWebView\Default lastActive=2026-09-18T03:06:30.156Z
2026-09-18 17:40:29.058: [INFO] LastUsedProfileDir: C:\Users\Henrique\Desktop\Portal Paciente\.metadata\.plugins\org.eclipse.swt\EBWebView\Default
2026-09-18 17:40:29.058: [INFO] MostRecentlyActiveProfile: name=Perfil 1 path=C:\Users\Henrique\Desktop\Portal Paciente\.metadata\.plugins\org.eclipse.swt\EBWebView\Default lastActive=2026-09-18T03:06:30.156Z
2026-09-18 17:40:29.058: [INFO] OnDoneLoading sync enabled: 0
2026-09-18 17:40:29.058: [INFO] BookmarkModelLoaded, ids_reassigned: 0
2026-09-18 17:40:29.058: [INFO] BookmarksLoadDropped droppedNodes=0
2026-09-18 17:40:29.058: [INFO] BookmarksSnapshot Startup total=0 bar=0 other=0 mobile=0 showBar=0 showBarNTP=1
2026-09-18 17:40:37.041: [INFO] BookmarksSnapshot Shutdown total=0 bar=0 other=0 mobile=0 showBar=0 showBarNTP=1
2026-09-18 17:43:34.734: [INFO] CurrentProfilePath: C:\Users\Henrique\Desktop\Portal Paciente\.metadata\.plugins\org.eclipse.swt\EBWebView\Default
2026-09-18 17:43:34.734: [INFO] Profiles total count: 1
2026-09-18 17:43:34.734: [INFO] Profile: name=Perfil 1 path=C:\Users\Henrique\Desktop\Portal Paciente\.metadata\.plugins\org.eclipse.swt\EBWebView\Default lastActive=2026-09-18T03:06:30.156Z
2026-09-18 17:43:34.734: [INFO] LastUsedProfileDir: C:\Users\Henrique\Desktop\Portal Paciente\.metadata\.plugins\org.eclipse.swt\EBWebView\Default
2026-09-18 17:43:34.734: [INFO] MostRecentlyActiveProfile: name=Perfil 1 path=C:\Users\Henrique\Desktop\Portal Paciente\.metadata\.plugins\org.eclipse.swt\EBWebView\Default lastActive=2026-09-18T03:06:30.156Z
2026-09-18 17:43:34.734: [INFO] OnDoneLoading sync enabled: 0
2026-09-18 17:43:34.734: [INFO] BookmarkModelLoaded, ids_reassigned: 0
2026-09-18 17:43:34.734: [INFO] BookmarksLoadDropped droppedNodes=0
2026-09-18 17:43:34.734: [INFO] BookmarksSnapshot Startup total=0 bar=0 other=0 mobile=0 showBar=0 showBarNTP=1
2026-09-18 17:43:41.278: [INFO] BookmarksSnapshot Shutdown total=0 bar=0 other=0 mobile=0 showBar=0 showBarNTP=1
2026-09-18 17:44:25.851: [INFO] CurrentProfilePath: C:\Users\Henrique\Desktop\Portal Paciente\.metadata\.plugins\org.eclipse.swt\EBWebView\Default
2026-09-18 17:44:25.851: [INFO] Profiles total count: 1
2026-09-18 17:44:25.851: [INFO] Profile: name=Perfil 1 path=C:\Users\Henrique\Desktop\Portal Paciente\.metadata\.plugins\org.eclipse.swt\EBWebView\Default lastActive=2026-09-18T03:06:30.156Z
2026-09-18 17:44:25.851: [INFO] LastUsedProfileDir: C:\Users\Henrique\Desktop\Portal Paciente\.metadata\.plugins\org.eclipse.swt\EBWebView\Default
2026-09-18 17:44:25.851: [INFO] MostRecentlyActiveProfile: name=Perfil 1 path=C:\Users\Henrique\Desktop\Portal Paciente\.metadata\.plugins\org.eclipse.swt\EBWebView\Default lastActive=2026-09-18T03:06:30.156Z
2026-09-18 17:44:25.851: [INFO] OnDoneLoading sync enabled: 0
2026-09-18 17:44:25.851: [INFO] BookmarkModelLoaded, ids_reassigned: 0
2026-09-18 17:44:25.851: [INFO] BookmarksLoadDropped droppedNodes=0
2026-09-18 17:44:25.851: [INFO] BookmarksSnapshot Startup total=0 bar=0 other=0 mobile=0 showBar=0 showBarNTP=1
2026-09-18 17:44:36.005: [INFO] BookmarksSnapshot Shutdown total=0 bar=0 other=0 mobile=0 showBar=0 showBarNTP=1
2026-09-18 17:44:54.152: [INFO] CurrentProfilePath: C:\Users\Henrique\Desktop\Portal Paciente\.metadata\.plugins\org.eclipse.swt\EBWebView\Default
2026-09-18 17:44:54.152: [INFO] Profiles total count: 1
2026-09-18 17:44:54.152: [INFO] Profile: name=Perfil 1 path=C:\Users\Henrique\Desktop\Portal Paciente\.metadata\.plugins\org.eclipse.swt\EBWebView\Default lastActive=2026-09-18T03:06:30.156Z
2026-09-18 17:44:54.152: [INFO] LastUsedProfileDir: C:\Users\Henrique\Desktop\Portal Paciente\.metadata\.plugins\org.eclipse.swt\EBWebView\Default
2026-09-18 17:44:54.152: [INFO] MostRecentlyActiveProfile: name=Perfil 1 path=C:\Users\Henrique\Desktop\Portal Paciente\.metadata\.plugins\org.eclipse.swt\EBWebView\Default lastActive=2026-09-18T03:06:30.156Z
2026-09-18 17:44:54.152: [INFO] OnDoneLoading sync enabled: 0
2026-09-18 17:44:54.152: [INFO] BookmarkModelLoaded, ids_reassigned: 0
2026-09-18 17:44:54.152: [INFO] BookmarksLoadDropped droppedNodes=0
2026-09-18 17:44:54.152: [INFO] BookmarksSnapshot Startup total=0 bar=0 other=0 mobile=0 showBar=0 showBarNTP=1
2026-09-18 17:45:02.544: [INFO] BookmarksSnapshot Shutdown total=0 bar=0 other=0 mobile=0 showBar=0 showBarNTP=1
2026-09-18 17:45:22.470: [INFO] CurrentProfilePath: C:\Users\Henrique\Desktop\Portal Paciente\.metadata\.plugins\org.eclipse.swt\EBWebView\Default
2026-09-18 17:45:22.470: [INFO] Profiles total count: 1
2026-09-18 17:45:22.470: [INFO] Profile: name=Perfil 1 path=C:\Users\Henrique\Desktop\Portal Paciente\.metadata\.plugins\org.eclipse.swt\EBWebView\Default lastActive=2026-09-18T03:06:30.156Z
2026-09-18 17:45:22.470: [INFO] LastUsedProfileDir: C:\Users\Henrique\Desktop\Portal Paciente\.metadata\.plugins\org.eclipse.swt\EBWebView\Default
2026-09-18 17:45:22.470: [INFO] MostRecentlyActiveProfile: name=Perfil 1 path=C:\Users\Henrique\Desktop\Portal Paciente\.metadata\.plugins\org.eclipse.swt\EBWebView\Default lastActive=2026-09-18T03:06:30.156Z
2026-09-18 17:45:22.470: [INFO] OnDoneLoading sync enabled: 0
2026-09-18 17:45:22.470: [INFO] BookmarkModelLoaded, ids_reassigned: 0
2026-09-18 17:45:22.470: [INFO] BookmarksLoadDropped droppedNodes=0
2026-09-18 17:45:22.470: [INFO] BookmarksSnapshot Startup total=0 bar=0 other=0 mobile=0 showBar=0 showBarNTP=1
2026-09-18 17:45:26.713: [INFO] BookmarksSnapshot Shutdown total=0 bar=0 other=0 mobile=0 showBar=0 showBarNTP=1
2026-09-18 17:46:21.424: [INFO] CurrentProfilePath: C:\Users\Henrique\Desktop\Portal Paciente\.metadata\.plugins\org.eclipse.swt\EBWebView\Default
2026-09-18 17:46:21.424: [INFO] Profiles total count: 1
2026-09-18 17:46:21.424: [INFO] Profile: name=Perfil 1 path=C:\Users\Henrique\Desktop\Portal Paciente\.metadata\.plugins\org.eclipse.swt\EBWebView\Default lastActive=2026-09-18T03:06:30.156Z
2026-09-18 17:46:21.424: [INFO] LastUsedProfileDir: C:\Users\Henrique\Desktop\Portal Paciente\.metadata\.plugins\org.eclipse.swt\EBWebView\Default
2026-09-18 17:46:21.424: [INFO] MostRecentlyActiveProfile: name=Perfil 1 path=C:\Users\Henrique\Desktop\Portal Paciente\.metadata\.plugins\org.eclipse.swt\EBWebView\Default lastActive=2026-09-18T03:06:30.156Z
2026-09-18 17:46:21.424: [INFO] OnDoneLoading sync enabled: 0
2026-09-18 17:46:21.424: [INFO] BookmarkModelLoaded, ids_reassigned: 0
2026-09-18 17:46:21.424: [INFO] BookmarksLoadDropped droppedNodes=0
2026-09-18 17:46:21.424: [INFO] BookmarksSnapshot Startup total=0 bar=0 other=0 mobile=0 showBar=0 showBarNTP=1
2026-09-18 17:46:25.655: [INFO] BookmarksSnapshot Shutdown total=0 bar=0 other=0 mobile=0 showBar=0 showBarNTP=1
2026-09-18 17:49:34.703: [INFO] CurrentProfilePath: C:\Users\Henrique\Desktop\Portal Paciente\.metadata\.plugins\org.eclipse.swt\EBWebView\Default
2026-09-18 17:49:34.703: [INFO] Profiles total count: 1
2026-09-18 17:49:34.703: [INFO] Profile: name=Perfil 1 path=C:\Users\Henrique\Desktop\Portal Paciente\.metadata\.plugins\org.eclipse.swt\EBWebView\Default lastActive=2026-09-18T03:06:30.156Z
2026-09-18 17:49:34.703: [INFO] LastUsedProfileDir: C:\Users\Henrique\Desktop\Portal Paciente\.metadata\.plugins\org.eclipse.swt\EBWebView\Default
2026-09-18 17:49:34.703: [INFO] MostRecentlyActiveProfile: name=Perfil 1 path=C:\Users\Henrique\Desktop\Portal Paciente\.metadata\.plugins\org.eclipse.swt\EBWebView\Default lastActive=2026-09-18T03:06:30.156Z
2026-09-18 17:49:34.703: [INFO] OnDoneLoading sync enabled: 0
2026-09-18 17:49:34.703: [INFO] BookmarkModelLoaded, ids_reassigned: 0
2026-09-18 17:49:34.703: [INFO] BookmarksLoadDropped droppedNodes=0
2026-09-18 17:49:34.703: [INFO] BookmarksSnapshot Startup total=0 bar=0 other=0 mobile=0 showBar=0 showBarNTP=1
2026-09-18 17:49:38.551: [INFO] BookmarksSnapshot Shutdown total=0 bar=0 other=0 mobile=0 showBar=0 showBarNTP=1
