{"logTime": "0917/212503", "level": "INFO", "message": "UserPrefStore loaded: error=NONE (0)"}
{"logTime": "0917/213703", "level": "INFO", "message": "UserPrefStore loaded: error=NONE (0)"}
{"logTime": "0917/213916", "level": "INFO", "message": "UserPrefStore loaded: error=NONE (0)"}
{"logTime": "0917/213944", "level": "INFO", "message": "UserPrefStore loaded: error=NONE (0)"}
{"logTime": "0917/214044", "level": "INFO", "message": "UserPrefStore loaded: error=NONE (0)"}
{"logTime": "0917/220321", "level": "INFO", "message": "UserPrefStore loaded: error=NONE (0)"}
{"logTime": "0917/220631", "level": "INFO", "message": "UserPrefStore loaded: error=NONE (0)"}
{"logTime": "0917/222515", "level": "INFO", "message": "UserPrefStore loaded: error=NONE (0)"}
{"logTime": "0917/223130", "level": "INFO", "message": "UserPrefStore loaded: error=NONE (0)"}
{"logTime": "0917/224637", "level": "INFO", "message": "UserPrefStore loaded: error=NONE (0)"}
{"logTime": "0917/225731", "level": "INFO", "message": "UserPrefStore loaded: error=NONE (0)"}
{"logTime": "0917/225913", "level": "INFO", "message": "UserPrefStore loaded: error=NONE (0)"}
{"logTime": "0917/232005", "level": "INFO", "message": "UserPrefStore loaded: error=NONE (0)"}
{"logTime": "0918/022536", "level": "INFO", "message": "UserPrefStore loaded: error=NONE (0)"}
{"logTime": "0918/022855", "level": "INFO", "message": "UserPrefStore loaded: error=NONE (0)"}
{"logTime": "0918/023150", "level": "INFO", "message": "UserPrefStore loaded: error=NONE (0)"}
{"logTime": "0918/024602", "level": "INFO", "message": "UserPrefStore loaded: error=NONE (0)"}
{"logTime": "0918/024949", "level": "INFO", "message": "UserPrefStore loaded: error=NONE (0)"}
{"logTime": "0918/025732", "level": "INFO", "message": "UserPrefStore loaded: error=NONE (0)"}
{"logTime": "0918/025926", "level": "INFO", "message": "UserPrefStore loaded: error=NONE (0)"}
{"logTime": "0918/030155", "level": "INFO", "message": "UserPrefStore loaded: error=NONE (0)"}
{"logTime": "0918/030216", "level": "INFO", "message": "UserPrefStore loaded: error=NONE (0)"}
{"logTime": "0918/030629", "level": "INFO", "message": "UserPrefStore loaded: error=NONE (0)"}
{"logTime": "0918/174029", "level": "INFO", "message": "UserPrefStore loaded: error=NONE (0)"}
{"logTime": "0918/174334", "level": "INFO", "message": "UserPrefStore loaded: error=NONE (0)"}
{"logTime": "0918/174425", "level": "INFO", "message": "UserPrefStore loaded: error=NONE (0)"}
{"logTime": "0918/174454", "level": "INFO", "message": "UserPrefStore loaded: error=NONE (0)"}
{"logTime": "0918/174522", "level": "INFO", "message": "UserPrefStore loaded: error=NONE (0)"}
{"logTime": "0918/174621", "level": "INFO", "message": "UserPrefStore loaded: error=NONE (0)"}
{"logTime": "0918/174934", "level": "INFO", "message": "UserPrefStore loaded: error=NONE (0)"}
{"logTime": "1005/164521", "level": "INFO", "message": "UserPrefStore loaded: error=NONE (0)"}
{"logTime": "1005/164521", "level": "INFO", "message": "Preference changed: name=extensions.last_chrome_version, new_value=\"154.0.4258.53\", source=unknown"}
{"logTime": "1005/164521", "level": "INFO", "message": "Preference changed: name=gaia_cookie.periodic_report_time_2, new_value=\"13435692321831883\", source=unknown"}
{"logTime": "1005/164521", "level": "INFO", "message": "Preference changed: name=optimization_guide.previously_registered_optimization_types, new_value=[object], source=unknown"}
{"logTime": "1005/164521", "level": "INFO", "message": "Preference changed: name=extensions.chrome_url_overrides, new_value=[object], source=unknown"}
{"logTime": "1005/164521", "level": "INFO", "message": "Preference changed: name=sessions.session_data_status, new_value=1, source=unknown"}
{"logTime": "1005/164521", "level": "INFO", "message": "Preference changed: name=sessions.event_log, new_value=[object], source=unknown"}
{"logTime": "1005/164521", "level": "INFO", "message": "Preference changed: name=optimization_guide.previously_registered_optimization_types, new_value=[object], source=unknown"}
{"logTime": "1005/164521", "level": "INFO", "message": "Preference changed: name=optimization_guide.previously_registered_optimization_types, new_value=[object], source=unknown"}
{"logTime": "1005/164521", "level": "INFO", "message": "Preference changed: name=optimization_guide.previously_registered_optimization_types, new_value=[object], source=unknown"}
{"logTime": "1005/164521", "level": "INFO", "message": "Preference changed: name=optimization_guide.previously_registered_optimization_types, new_value=[object], source=unknown"}
{"logTime": "1005/164521", "level": "INFO", "message": "Preference changed: name=optimization_guide.previously_registered_optimization_types, new_value=[object], source=unknown"}
{"logTime": "1005/164521", "level": "INFO", "message": "Preference changed: name=profile.network_pbs, new_value=[object], source=unknown"}
{"logTime": "1005/164521", "level": "INFO", "message": "Preference changed: name=extensions.settings, new_value=[object], source=unknown"}
{"logTime": "1005/164521", "level": "INFO", "message": "Preference changed: name=extensions.settings, new_value=[object], source=unknown"}
{"logTime": "1005/164521", "level": "INFO", "message": "Preference changed: name=profile.password_hash_data_list, new_value=[object], source=unknown"}
{"logTime": "1005/164522", "level": "INFO", "message": "Preference changed: name=schedule_to_flush_to_disk, new_value=\"13435692322053080\", source=unknown"}
{"logTime": "1005/164522", "level": "INFO", "message": "Preference changed: name=schedule_to_flush_to_disk, new_value=\"13435692322063196\", source=unknown"}
{"logTime": "1005/164522", "level": "INFO", "message": "Preference changed: name=muid.last_sync, new_value=\"13435692322066976\", source=unknown"}
{"logTime": "1005/164522", "level": "INFO", "message": "Preference changed: name=bookmark.storage_computation_last_update, new_value=\"13435692322072552\", source=unknown"}
{"logTime": "1005/164522", "level": "INFO", "message": "Preference changed: name=edge.services.signin_scoped_device_id, new_value=\"3c00c4c6-b5e0-48f2-ae02-e25276021ce2\", source=unknown"}
{"logTime": "1005/164522", "level": "INFO", "message": "Preference changed: name=account_tracker_service_last_update, new_value=\"13435692322083581\", source=unknown"}
{"logTime": "1005/164522", "level": "INFO", "message": "Preference changed: name=commerce_daily_metrics_last_update_time, new_value=\"13435692322092538\", source=unknown"}
{"logTime": "1005/164522", "level": "INFO", "message": "Preference changed: name=optimization_guide.previously_registered_optimization_types, new_value=[object], source=unknown"}
{"logTime": "1005/164522", "level": "INFO", "message": "Preference changed: name=extensions.chrome_url_overrides, new_value=[object], source=unknown"}
{"logTime": "1005/164522", "level": "INFO", "message": "Preference changed: name=autofill.credit_card_enabled, new_value=false, source=unknown"}
{"logTime": "1005/164522", "level": "INFO", "message": "Preference changed: name=enable_edge_collections, new_value=false, source=unknown"}
{"logTime": "1005/164522", "level": "INFO", "message": "Preference changed: name=resolve_navigation_errors_use_web_service.enabled, new_value=false, source=unknown"}
{"logTime": "1005/164522", "level": "INFO", "message": "Preference changed: name=alternate_error_pages.enabled, new_value=false, source=unknown"}
{"logTime": "1005/164522", "level": "INFO", "message": "Preference changed: name=optimization_guide.previously_registered_optimization_types, new_value=[object], source=unknown"}
{"logTime": "1005/164522", "level": "INFO", "message": "Preference changed: name=in_product_help.session_start_time, new_value=\"13435692322465038\", source=unknown"}
{"logTime": "1005/164522", "level": "INFO", "message": "Preference changed: name=in_product_help.session_number, new_value=12, source=unknown"}
{"logTime": "1005/164522", "level": "INFO", "message": "Preference changed: name=in_product_help.session_last_active_time, new_value=\"13435692322465038\", source=unknown"}
{"logTime": "1005/164522", "level": "INFO", "message": "Preference changed: name=in_product_help.recent_session_start_times, new_value=[object], source=unknown"}
{"logTime": "1005/164522", "level": "INFO", "message": "Preference changed: name=optimization_guide.previously_registered_optimization_types, new_value=[object], source=unknown"}
{"logTime": "1005/164522", "level": "INFO", "message": "Preference changed: name=profile.content_settings.exceptions.storage_access_header_origin_trial, new_value=[object], source=unknown"}
{"logTime": "1005/164522", "level": "INFO", "message": "Preference changed: name=profile.content_settings.exceptions.site_engagement, new_value=[object], source=unknown"}
{"logTime": "1005/164522", "level": "INFO", "message": "Preference changed: name=profile.last_engagement_time, new_value=\"13435663522708077\", source=unknown"}
{"logTime": "1005/164523", "level": "INFO", "message": "Preference changed: name=edge_rewards.coachmark_promotions, new_value=[object], source=unknown"}
{"logTime": "1005/164523", "level": "INFO", "message": "Preference changed: name=edge_rewards.hva_promotions, new_value=[object], source=unknown"}
{"logTime": "1005/164523", "level": "INFO", "message": "Preference changed: name=profile.content_settings.exceptions.site_engagement, new_value=[object], source=unknown"}
{"logTime": "1005/164523", "level": "INFO", "message": "Preference changed: name=profile.last_engagement_time, new_value=\"13435692323551783\", source=unknown"}
{"logTime": "1005/164531", "level": "INFO", "message": "PrefStore write completed: store=4, success=true"}
{"logTime": "1005/164531", "level": "INFO", "message": "PrefStore write completed: store=4, success=true"}
{"logTime": "1005/164532", "level": "INFO", "message": "Preference changed: name=edge.bookmarks.last_dup_info_record_time, new_value=\"13435692332083573\", source=unknown"}
{"logTime": "1005/164542", "level": "INFO", "message": "PrefStore write completed: store=4, success=true"}
{"logTime": "1005/164551", "level": "INFO", "message": "Preference changed: name=profile.last_time_password_store_metrics_reported, new_value=1791218751.831917, source=unknown"}
{"logTime": "1005/164551", "level": "INFO", "message": "Preference changed: name=edge_wallet.passwords.password_lost_report_date, new_value=\"13435692351833900\", source=unknown"}
{"logTime": "1005/164601", "level": "INFO", "message": "PrefStore write completed: store=4, success=true"}
{"logTime": "1005/165634", "level": "INFO", "message": "Preference changed: name=language_dwell_time_average, new_value=[object], source=unknown"}
{"logTime": "1005/165634", "level": "INFO", "message": "Preference changed: name=language_usage_count, new_value=[object], source=unknown"}
{"logTime": "1005/165634", "level": "INFO", "message": "Preference changed: name=profile.content_settings.exceptions.media_engagement, new_value=[object], source=unknown"}
{"logTime": "1005/165634", "level": "INFO", "message": "Preference changed: name=sessions.session_data_status, new_value=2, source=unknown"}
{"logTime": "1005/165634", "level": "INFO", "message": "Preference changed: name=sessions.session_data_status, new_value=3, source=unknown"}
{"logTime": "1005/165634", "level": "INFO", "message": "Preference changed: name=sessions.event_log, new_value=[object], source=unknown"}
{"logTime": "1005/173855", "level": "INFO", "message": "UserPrefStore loaded: error=NONE (0)"}
{"logTime": "1005/173855", "level": "INFO", "message": "Preference changed: name=optimization_guide.previously_registered_optimization_types, new_value=[object], source=unknown"}
{"logTime": "1005/173855", "level": "INFO", "message": "Preference changed: name=extensions.chrome_url_overrides, new_value=[object], source=unknown"}
{"logTime": "1005/173855", "level": "INFO", "message": "Preference changed: name=sessions.session_data_status, new_value=1, source=unknown"}
{"logTime": "1005/173855", "level": "INFO", "message": "Preference changed: name=sessions.event_log, new_value=[object], source=unknown"}
{"logTime": "1005/173855", "level": "INFO", "message": "Preference changed: name=optimization_guide.previously_registered_optimization_types, new_value=[object], source=unknown"}
{"logTime": "1005/173855", "level": "INFO", "message": "Preference changed: name=optimization_guide.previously_registered_optimization_types, new_value=[object], source=unknown"}
{"logTime": "1005/173855", "level": "INFO", "message": "Preference changed: name=optimization_guide.previously_registered_optimization_types, new_value=[object], source=unknown"}
{"logTime": "1005/173855", "level": "INFO", "message": "Preference changed: name=optimization_guide.previously_registered_optimization_types, new_value=[object], source=unknown"}
{"logTime": "1005/173855", "level": "INFO", "message": "Preference changed: name=optimization_guide.previously_registered_optimization_types, new_value=[object], source=unknown"}
{"logTime": "1005/173855", "level": "INFO", "message": "Preference changed: name=profile.network_pbs, new_value=[object], source=unknown"}
{"logTime": "1005/173855", "level": "INFO", "message": "Preference changed: name=profile.password_hash_data_list, new_value=[object], source=unknown"}
{"logTime": "1005/173855", "level": "INFO", "message": "Preference changed: name=schedule_to_flush_to_disk, new_value=\"13435695535978977\", source=unknown"}
{"logTime": "1005/173855", "level": "INFO", "message": "Preference changed: name=schedule_to_flush_to_disk, new_value=\"13435695535979994\", source=unknown"}
{"logTime": "1005/173855", "level": "INFO", "message": "Preference changed: name=edge.services.signin_scoped_device_id, new_value=\"efd59c9e-cdea-4f08-9435-5000e67cdea0\", source=unknown"}
{"logTime": "1005/173855", "level": "INFO", "message": "Preference changed: name=optimization_guide.previously_registered_optimization_types, new_value=[object], source=unknown"}
{"logTime": "1005/173855", "level": "INFO", "message": "Preference changed: name=extensions.chrome_url_overrides, new_value=[object], source=unknown"}
{"logTime": "1005/173856", "level": "INFO", "message": "Preference changed: name=autofill.credit_card_enabled, new_value=false, source=unknown"}
{"logTime": "1005/173856", "level": "INFO", "message": "Preference changed: name=enable_edge_collections, new_value=false, source=unknown"}
{"logTime": "1005/173856", "level": "INFO", "message": "Preference changed: name=resolve_navigation_errors_use_web_service.enabled, new_value=false, source=unknown"}
{"logTime": "1005/173856", "level": "INFO", "message": "Preference changed: name=alternate_error_pages.enabled, new_value=false, source=unknown"}
{"logTime": "1005/173856", "level": "INFO", "message": "Preference changed: name=optimization_guide.previously_registered_optimization_types, new_value=[object], source=unknown"}
{"logTime": "1005/173856", "level": "INFO", "message": "Preference changed: name=in_product_help.session_last_active_time, new_value=\"13435695536109421\", source=unknown"}
{"logTime": "1005/173856", "level": "INFO", "message": "Preference changed: name=optimization_guide.previously_registered_optimization_types, new_value=[object], source=unknown"}
{"logTime": "1005/173856", "level": "INFO", "message": "Preference changed: name=profile.content_settings.exceptions.storage_access_header_origin_trial, new_value=[object], source=unknown"}
{"logTime": "1005/173856", "level": "INFO", "message": "Preference changed: name=edge_rewards.coachmark_promotions, new_value=[object], source=unknown"}
{"logTime": "1005/173856", "level": "INFO", "message": "Preference changed: name=edge_rewards.hva_promotions, new_value=[object], source=unknown"}
{"logTime": "1005/173857", "level": "INFO", "message": "Preference changed: name=profile.content_settings.exceptions.site_engagement, new_value=[object], source=unknown"}
{"logTime": "1005/173857", "level": "INFO", "message": "Preference changed: name=profile.last_engagement_time, new_value=\"13435695537802523\", source=unknown"}
{"logTime": "1005/173905", "level": "INFO", "message": "PrefStore write completed: store=4, success=true"}
{"logTime": "1005/173905", "level": "INFO", "message": "PrefStore write completed: store=4, success=true"}
{"logTime": "1005/174526", "level": "INFO", "message": "Preference changed: name=language_dwell_time_average, new_value=[object], source=unknown"}
{"logTime": "1005/174526", "level": "INFO", "message": "Preference changed: name=language_usage_count, new_value=[object], source=unknown"}
{"logTime": "1005/174526", "level": "INFO", "message": "Preference changed: name=profile.content_settings.exceptions.media_engagement, new_value=[object], source=unknown"}
{"logTime": "1005/174526", "level": "INFO", "message": "Preference changed: name=sessions.session_data_status, new_value=2, source=unknown"}
{"logTime": "1005/174526", "level": "INFO", "message": "Preference changed: name=sessions.session_data_status, new_value=3, source=unknown"}
{"logTime": "1005/174526", "level": "INFO", "message": "Preference changed: name=sessions.event_log, new_value=[object], source=unknown"}
{"logTime": "1005/181917", "level": "INFO", "message": "UserPrefStore loaded: error=NONE (0)"}
{"logTime": "1005/181917", "level": "INFO", "message": "Preference changed: name=optimization_guide.previously_registered_optimization_types, new_value=[object], source=unknown"}
{"logTime": "1005/181917", "level": "INFO", "message": "Preference changed: name=extensions.chrome_url_overrides, new_value=[object], source=unknown"}
{"logTime": "1005/181917", "level": "INFO", "message": "Preference changed: name=sessions.session_data_status, new_value=1, source=unknown"}
{"logTime": "1005/181917", "level": "INFO", "message": "Preference changed: name=sessions.event_log, new_value=[object], source=unknown"}
{"logTime": "1005/181917", "level": "INFO", "message": "Preference changed: name=optimization_guide.previously_registered_optimization_types, new_value=[object], source=unknown"}
{"logTime": "1005/181917", "level": "INFO", "message": "Preference changed: name=optimization_guide.previously_registered_optimization_types, new_value=[object], source=unknown"}
{"logTime": "1005/181917", "level": "INFO", "message": "Preference changed: name=optimization_guide.previously_registered_optimization_types, new_value=[object], source=unknown"}
{"logTime": "1005/181917", "level": "INFO", "message": "Preference changed: name=optimization_guide.previously_registered_optimization_types, new_value=[object], source=unknown"}
{"logTime": "1005/181917", "level": "INFO", "message": "Preference changed: name=optimization_guide.previously_registered_optimization_types, new_value=[object], source=unknown"}
{"logTime": "1005/181917", "level": "INFO", "message": "Preference changed: name=profile.network_pbs, new_value=[object], source=unknown"}
{"logTime": "1005/181917", "level": "INFO", "message": "Preference changed: name=profile.password_hash_data_list, new_value=[object], source=unknown"}
{"logTime": "1005/181917", "level": "INFO", "message": "Preference changed: name=schedule_to_flush_to_disk, new_value=\"13435697957063424\", source=unknown"}
{"logTime": "1005/181917", "level": "INFO", "message": "Preference changed: name=schedule_to_flush_to_disk, new_value=\"13435697957064466\", source=unknown"}
{"logTime": "1005/181917", "level": "INFO", "message": "Preference changed: name=edge.services.signin_scoped_device_id, new_value=\"5a0ad99a-b514-4bc0-bd36-69b5e209635b\", source=unknown"}
{"logTime": "1005/181917", "level": "INFO", "message": "Preference changed: name=optimization_guide.previously_registered_optimization_types, new_value=[object], source=unknown"}
{"logTime": "1005/181917", "level": "INFO", "message": "Preference changed: name=extensions.chrome_url_overrides, new_value=[object], source=unknown"}
{"logTime": "1005/181917", "level": "INFO", "message": "Preference changed: name=autofill.credit_card_enabled, new_value=false, source=unknown"}
{"logTime": "1005/181917", "level": "INFO", "message": "Preference changed: name=enable_edge_collections, new_value=false, source=unknown"}
{"logTime": "1005/181917", "level": "INFO", "message": "Preference changed: name=resolve_navigation_errors_use_web_service.enabled, new_value=false, source=unknown"}
{"logTime": "1005/181917", "level": "INFO", "message": "Preference changed: name=alternate_error_pages.enabled, new_value=false, source=unknown"}
{"logTime": "1005/181917", "level": "INFO", "message": "Preference changed: name=optimization_guide.previously_registered_optimization_types, new_value=[object], source=unknown"}
{"logTime": "1005/181917", "level": "INFO", "message": "Preference changed: name=in_product_help.session_last_active_time, new_value=\"13435697957121133\", source=unknown"}
{"logTime": "1005/181917", "level": "INFO", "message": "Preference changed: name=optimization_guide.previously_registered_optimization_types, new_value=[object], source=unknown"}
{"logTime": "1005/181917", "level": "INFO", "message": "Preference changed: name=profile.content_settings.exceptions.storage_access_header_origin_trial, new_value=[object], source=unknown"}
{"logTime": "1005/181917", "level": "INFO", "message": "Preference changed: name=sessions.session_data_status, new_value=2, source=unknown"}
{"logTime": "1005/181917", "level": "INFO", "message": "Preference changed: name=sessions.session_data_status, new_value=3, source=unknown"}
{"logTime": "1005/181917", "level": "INFO", "message": "Preference changed: name=sessions.session_data_status, new_value=1, source=unknown"}
{"logTime": "1005/181917", "level": "INFO", "message": "Preference changed: name=sessions.event_log, new_value=[object], source=unknown"}
{"logTime": "1005/181917", "level": "INFO", "message": "Preference changed: name=edge_rewards.coachmark_promotions, new_value=[object], source=unknown"}
{"logTime": "1005/181917", "level": "INFO", "message": "Preference changed: name=edge_rewards.hva_promotions, new_value=[object], source=unknown"}
{"logTime": "1005/181927", "level": "INFO", "message": "PrefStore write completed: store=4, success=true"}
{"logTime": "1005/181927", "level": "INFO", "message": "PrefStore write completed: store=4, success=true"}
{"logTime": "1005/181935", "level": "INFO", "message": "Preference changed: name=sessions.session_data_status, new_value=2, source=unknown"}
{"logTime": "1005/181935", "level": "INFO", "message": "Preference changed: name=sessions.session_data_status, new_value=3, source=unknown"}
{"logTime": "1005/185356", "level": "INFO", "message": "UserPrefStore loaded: error=NONE (0)"}
{"logTime": "1005/185356", "level": "INFO", "message": "Preference changed: name=optimization_guide.previously_registered_optimization_types, new_value=[object], source=unknown"}
{"logTime": "1005/185356", "level": "INFO", "message": "Preference changed: name=extensions.chrome_url_overrides, new_value=[object], source=unknown"}
{"logTime": "1005/185356", "level": "INFO", "message": "Preference changed: name=sessions.session_data_status, new_value=1, source=unknown"}
{"logTime": "1005/185356", "level": "INFO", "message": "Preference changed: name=sessions.event_log, new_value=[object], source=unknown"}
{"logTime": "1005/185356", "level": "INFO", "message": "Preference changed: name=optimization_guide.previously_registered_optimization_types, new_value=[object], source=unknown"}
{"logTime": "1005/185356", "level": "INFO", "message": "Preference changed: name=optimization_guide.previously_registered_optimization_types, new_value=[object], source=unknown"}
{"logTime": "1005/185356", "level": "INFO", "message": "Preference changed: name=optimization_guide.previously_registered_optimization_types, new_value=[object], source=unknown"}
{"logTime": "1005/185356", "level": "INFO", "message": "Preference changed: name=optimization_guide.previously_registered_optimization_types, new_value=[object], source=unknown"}
{"logTime": "1005/185356", "level": "INFO", "message": "Preference changed: name=optimization_guide.previously_registered_optimization_types, new_value=[object], source=unknown"}
{"logTime": "1005/185356", "level": "INFO", "message": "Preference changed: name=profile.network_pbs, new_value=[object], source=unknown"}
{"logTime": "1005/185356", "level": "INFO", "message": "Preference changed: name=profile.password_hash_data_list, new_value=[object], source=unknown"}
{"logTime": "1005/185356", "level": "INFO", "message": "Preference changed: name=schedule_to_flush_to_disk, new_value=\"13435700036146990\", source=unknown"}
{"logTime": "1005/185356", "level": "INFO", "message": "Preference changed: name=schedule_to_flush_to_disk, new_value=\"13435700036147974\", source=unknown"}
{"logTime": "1005/185356", "level": "INFO", "message": "Preference changed: name=edge.services.signin_scoped_device_id, new_value=\"80e95d8b-6ef1-40d6-8930-d6d8329683b7\", source=unknown"}
{"logTime": "1005/185356", "level": "INFO", "message": "Preference changed: name=optimization_guide.previously_registered_optimization_types, new_value=[object], source=unknown"}
{"logTime": "1005/185356", "level": "INFO", "message": "Preference changed: name=extensions.chrome_url_overrides, new_value=[object], source=unknown"}
{"logTime": "1005/185356", "level": "INFO", "message": "Preference changed: name=autofill.credit_card_enabled, new_value=false, source=unknown"}
{"logTime": "1005/185356", "level": "INFO", "message": "Preference changed: name=enable_edge_collections, new_value=false, source=unknown"}
{"logTime": "1005/185356", "level": "INFO", "message": "Preference changed: name=resolve_navigation_errors_use_web_service.enabled, new_value=false, source=unknown"}
{"logTime": "1005/185356", "level": "INFO", "message": "Preference changed: name=alternate_error_pages.enabled, new_value=false, source=unknown"}
{"logTime": "1005/185356", "level": "INFO", "message": "Preference changed: name=optimization_guide.previously_registered_optimization_types, new_value=[object], source=unknown"}
{"logTime": "1005/185356", "level": "INFO", "message": "Preference changed: name=in_product_help.session_last_active_time, new_value=\"13435700036203284\", source=unknown"}
{"logTime": "1005/185356", "level": "INFO", "message": "Preference changed: name=optimization_guide.previously_registered_optimization_types, new_value=[object], source=unknown"}
{"logTime": "1005/185356", "level": "INFO", "message": "Preference changed: name=profile.content_settings.exceptions.storage_access_header_origin_trial, new_value=[object], source=unknown"}
{"logTime": "1005/185356", "level": "INFO", "message": "Preference changed: name=edge_rewards.coachmark_promotions, new_value=[object], source=unknown"}
{"logTime": "1005/185356", "level": "INFO", "message": "Preference changed: name=edge_rewards.hva_promotions, new_value=[object], source=unknown"}
{"logTime": "1005/185406", "level": "INFO", "message": "PrefStore write completed: store=4, success=true"}
{"logTime": "1005/185406", "level": "INFO", "message": "PrefStore write completed: store=4, success=true"}
{"logTime": "1005/185445", "level": "INFO", "message": "Preference changed: name=sessions.session_data_status, new_value=2, source=unknown"}
{"logTime": "1005/185445", "level": "INFO", "message": "Preference changed: name=sessions.session_data_status, new_value=3, source=unknown"}
{"logTime": "1005/185445", "level": "INFO", "message": "Preference changed: name=sessions.event_log, new_value=[object], source=unknown"}
